<html>
<body>
<pre>
<h1>µVision Build Log</h1>
<h2>Tool Versions:</h2>
IDE-Version: ¦ÌVision V5.43.1.0
Copyright (C) 2025 ARM Ltd and ARM Germany GmbH. All rights reserved.
License Information: 1111 Bamitn, 111, LIC=RC93N-YZ6RS-UHB8H-WFS7F-TS547-7QYRT
 
Tool Versions:
Toolchain:       MDK-ARM Plus  Version: 5.43.0.0
Toolchain Path:  D:\keil5\ARM\ARMCLANG\Bin
C Compiler:      ArmClang.exe V6.24
Assembler:       Armasm.exe V6.24
Linker/Locator:  ArmLink.exe V6.24
Library Manager: ArmAr.exe V6.24
Hex Converter:   FromElf.exe V6.24
CPU DLL:         SARMCM3.DLL V5.43.0.0
Dialog DLL:      DARMCM1.DLL V1.19.6.0
Target DLL:      CMSIS_AGDI.dll V1.33.24.0
Dialog DLL:      TARMCM1.DLL V1.14.6.0
 
<h2>Project:</h2>
D:\ti\mspm0_sdk_2_04_00_06\trak\keil\empty_LP_MSPM0G3507_nortos_keil.uvprojx
Project File Date:  05/03/2026

<h2>Output:</h2>
*** Using Compiler 'V6.24', folder: 'D:\keil5\ARM\ARMCLANG\Bin'
Build target 'empty_LP_MSPM0G3507_nortos_keil'
Before Build - User command #1: cmd.exe /C "D:\ti\mspm0_sdk_2_04_00_06\trak\keil\../../tools/keil/syscfg.bat 'D:\ti\mspm0_sdk_2_04_00_06\trak\keil\' empty.syscfg"
Using Sysconfig Tool from "D:\ti\sysconfig_1.23.1\sysconfig_cli.bat"
"Update the file located at <sdk path>/tools/keil/syscfg.bat to use a different version"
Running script...
Validating...
error: motor(/ti/driverlib/GPIO) associatedPins[3].pin: Resource conflict
	No pins exist that meet this requirement
error: Encoder(/ti/driverlib/GPIO) associatedPins[0].pin: Resource conflict
	No pins exist that meet this requirement
error: Encoder(/ti/driverlib/GPIO) associatedPins[1].pin: Resource conflict
	No pins exist that meet this requirement
error: Track(/ti/driverlib/GPIO) associatedPins[0].pin: Resource conflict
	PA8/16 is currently in use by UART_WIT(/ti/driverlib/UART) peripheral.txPin
error: Track(/ti/driverlib/GPIO) associatedPins[1].pin: Resource conflict
	PA9/17 is currently in use by UART_WIT(/ti/driverlib/UART) peripheral.rxPin
warning: motor(/ti/driverlib/GPIO) associatedPins[3].pin: Solution has changed
	The suggested solution was invalid.  As such, this specific entry differs from what was suggested
warning: Encoder(/ti/driverlib/GPIO) associatedPins[0].pin: Solution has changed
	The suggested solution was invalid.  As such, this specific entry differs from what was suggested
warning: Encoder(/ti/driverlib/GPIO) associatedPins[1].pin: Solution has changed
	The suggested solution was invalid.  As such, this specific entry differs from what was suggested
warning: Track(/ti/driverlib/GPIO) associatedPins[0].pin: Solution has changed
	The suggested solution was invalid.  As such, this specific entry differs from what was suggested
warning: Track(/ti/driverlib/GPIO) associatedPins[1].pin: Solution has changed
	The suggested solution was invalid.  As such, this specific entry differs from what was suggested
warning: UART_0(/ti/driverlib/UART) peripheral.$assign: Solution has changed
	The suggested solution was invalid.  As such, this specific entry differs from what was suggested
warning: UART_0(/ti/driverlib/UART) peripheral.rxPin: Solution has changed
	The suggested solution was invalid.  As such, this specific entry differs from what was suggested
warning: UART_0(/ti/driverlib/UART) peripheral.txPin: Solution has changed
	The suggested solution was invalid.  As such, this specific entry differs from what was suggested
info: MotorB(/ti/driverlib/PWM): Peripheral does not retain register contents in STOP or STANDBY modes. User should take care to save and restore register configuration in application. See Retention Configuration section for more details.
info: MotorA(/ti/driverlib/PWM): Peripheral does not retain register contents in STOP or STANDBY modes. User should take care to save and restore register configuration in application. See Retention Configuration section for more details.
info: TIMER_0(/ti/driverlib/TIMER): Peripheral does not retain register contents in STOP or STANDBY modes. User should take care to save and restore register configuration in application. See Retention Configuration section for more details.
5 error(s), 8 warning(s)
compiling empty.c...
linking...
Program Size: Code=24052 RO-data=1016 RW-data=20 ZI-data=17644  
FromELF: creating hex file...
".\Objects\empty_LP_MSPM0G3507_nortos_keil.axf" - 0 Error(s), 0 Warning(s).

<h2>Software Packages used:</h2>

Package Vendor: TexasInstruments
                https://software-dl.ti.com/msp430/esd/MSPM0-CMSIS/MSPM0G1X0X_G3X0X/latest/exports/TexasInstruments.MSPM0G1X0X_G3X0X_DFP.1.3.1.pack
                TexasInstruments::MSPM0G1X0X_G3X0X_DFP@1.3.1
                Device Family Pack for Texas Instruments MSPM0G1X0X_G3X0X Series

<h2>Collection of Component include folders:</h2>

<h2>Collection of Component Files used:</h2>
Build Time Elapsed:  00:00:02
</pre>
</body>
</html>
