Component: Arm Compiler for Embedded 6.24 Tool: armlink [5f371500]

==============================================================================

Section Cross References

    empty.o(.text.main) refers to ti_msp_dl_config.o(.text.SYSCFG_DL_init) for SYSCFG_DL_init
    empty.o(.text.main) refers to empty.o(.text.DL_Timer_startCounter) for DL_Timer_startCounter
    empty.o(.text.main) refers to motor.o(.text.Motor_Init) for Motor_Init
    empty.o(.text.main) refers to empty.o(.text.__NVIC_ClearPendingIRQ) for __NVIC_ClearPendingIRQ
    empty.o(.text.main) refers to empty.o(.text.__NVIC_EnableIRQ) for __NVIC_EnableIRQ
    empty.o(.text.main) refers to track.o(.text.track) for track
    empty.o(.text.main) refers to fcmp.o(i._fleq) for __aeabi_fcmple
    empty.o(.text.main) refers to faddsub.o(x$fpl$fadd) for __aeabi_fadd
    empty.o(.text.main) refers to fcmp.o(i._fgeq) for __aeabi_fcmpge
    empty.o(.text.main) refers to f2d.o(.text) for __aeabi_f2d
    empty.o(.text.main) refers to dflti.o(.text) for __aeabi_i2d
    empty.o(.text.main) refers to ddiv.o(.text) for __aeabi_ddiv
    empty.o(.text.main) refers to d2f.o(.text) for __aeabi_d2f
    empty.o(.text.main) refers to empty.o(.text.DL_GPIO_readPins) for DL_GPIO_readPins
    empty.o(.text.main) refers to delay.o(.text.Delay_ms) for Delay_ms
    empty.o(.text.main) refers to empty.o(.text.DL_GPIO_togglePins) for DL_GPIO_togglePins
    empty.o(.text.main) refers to alert.o(.text.Buzzer_ON) for Buzzer_ON
    empty.o(.text.main) refers to alert.o(.text.Buzzer_OFF) for Buzzer_OFF
    empty.o(.text.main) refers to faddsub.o(x$fpl$fsub) for __aeabi_fsub
    empty.o(.text.main) refers to empty.o(.bss.Basic_set_yaw) for Basic_set_yaw
    empty.o(.text.main) refers to empty.o(.bss.Yaw_RxFlag) for Yaw_RxFlag
    empty.o(.text.main) refers to empty.o(.data.times_yaw) for times_yaw
    empty.o(.text.main) refers to empty.o(.bss.Yaw_received) for Yaw_received
    empty.o(.text.main) refers to empty.o(.bss.Yaw_sum) for Yaw_sum
    empty.o(.text.main) refers to empty.o(.bss.Flag_A6set) for Flag_A6set
    empty.o(.text.main) refers to empty.o(.bss.Flag_mode) for Flag_mode
    empty.o(.text.main) refers to empty.o(.bss.encoder_r_sum) for encoder_r_sum
    empty.o(.text.main) refers to empty.o(.bss.encoder_l_sum) for encoder_l_sum
    empty.o(.text.main) refers to track.o(.bss.Flag_coord) for Flag_coord
    empty.o(.text.main) refers to empty.o(.bss.set_speed_L) for set_speed_L
    empty.o(.text.main) refers to empty.o(.bss.set_speed_R) for set_speed_R
    empty.o(.text.main) refers to track.o(.bss.coord) for coord
    empty.o(.text.main) refers to empty.o(.bss.Flag_A2) for Flag_A2
    empty.o(.text.main) refers to empty.o(.bss.time_A6) for time_A6
    empty.o(.text.main) refers to empty.o(.bss.Flag_A3) for Flag_A3
    empty.o(.text.main) refers to track.o(.bss.Flag_Black) for Flag_Black
    empty.o(.text.main) refers to empty.o(.bss.Flag_A4) for Flag_A4
    empty.o(.text.main) refers to track.o(.bss.Flag_RigjtAngle) for Flag_RigjtAngle
    empty.o(.text.main) refers to empty.o(.bss.timer_measure) for timer_measure
    empty.o(.text.main) refers to empty.o(.bss.Flag_yawmode) for Flag_yawmode
    empty.o(.text.main) refers to empty.o(.bss.Flag_A5) for Flag_A5
    empty.o(.text.main) refers to empty.o(.bss.main.time) for [Anonymous Symbol]
    empty.o(.text.main) refers to empty.o(.bss.count) for count
    empty.o(.text.main) refers to alert.o(.text.Buzzer_turn) for Buzzer_turn
    empty.o(.text.main) refers to motor.o(.text.SetL_duty) for SetL_duty
    empty.o(.text.main) refers to empty.o(.bss.laps) for laps
    empty.o(.text.main) refers to empty.o(.bss.Flag_A6) for Flag_A6
    empty.o(.text.main) refers to empty.o(.bss.time_count) for time_count
    empty.o(.text.main) refers to empty.o(.bss.time_a6) for time_a6
    empty.o(.ARM.exidx.text.main) refers to empty.o(.text.main) for [Anonymous Symbol]
    empty.o(.ARM.exidx.text.DL_Timer_startCounter) refers to empty.o(.text.DL_Timer_startCounter) for [Anonymous Symbol]
    empty.o(.ARM.exidx.text.__NVIC_ClearPendingIRQ) refers to empty.o(.text.__NVIC_ClearPendingIRQ) for [Anonymous Symbol]
    empty.o(.ARM.exidx.text.__NVIC_EnableIRQ) refers to empty.o(.text.__NVIC_EnableIRQ) for [Anonymous Symbol]
    empty.o(.ARM.exidx.text.DL_GPIO_readPins) refers to empty.o(.text.DL_GPIO_readPins) for [Anonymous Symbol]
    empty.o(.ARM.exidx.text.DL_GPIO_togglePins) refers to empty.o(.text.DL_GPIO_togglePins) for [Anonymous Symbol]
    empty.o(.text.TIMA1_IRQHandler) refers to empty.o(.text.DL_Timer_getPendingInterrupt) for DL_Timer_getPendingInterrupt
    empty.o(.text.TIMA1_IRQHandler) refers to faddsub.o(x$fpl$fsub) for __aeabi_fsub
    empty.o(.text.TIMA1_IRQHandler) refers to faddsub.o(x$fpl$fadd) for __aeabi_fadd
    empty.o(.text.TIMA1_IRQHandler) refers to fcmp.o(i._fleq) for __aeabi_fcmple
    empty.o(.text.TIMA1_IRQHandler) refers to fcmp.o(i._fgeq) for __aeabi_fcmpge
[...]
    __arm_cp.0_2                             0x000057b0   Number         4  track.o(.text.track)
    __arm_cp.0_3                             0x000057b4   Number         4  track.o(.text.track)
    __arm_cp.0_4                             0x000057b8   Number         4  track.o(.text.track)
    __arm_cp.0_5                             0x000057bc   Number         4  track.o(.text.track)
    __arm_cp.0_6                             0x000057c0   Number         4  track.o(.text.track)
    __arm_cp.0_7                             0x000057c4   Number         4  track.o(.text.track)
    __arm_cp.0_8                             0x000057c8   Number         4  track.o(.text.track)
    i.__ARM_common_ll_muluu                  0x000057cc   Section        0  btod.o(i.__ARM_common_ll_muluu)
    i.__mathlib_dbl_overflow                 0x000057fc   Section        0  dunder.o(i.__mathlib_dbl_overflow)
    i.__mathlib_dbl_underflow                0x00005810   Section        0  dunder.o(i.__mathlib_dbl_underflow)
    i.__mathlib_narrow                       0x00005824   Section        0  narrow.o(i.__mathlib_narrow)
    i.__mathlib_tofloat                      0x00005834   Section        0  narrow.o(i.__mathlib_tofloat)
    i.__support_ldexp                        0x000058fc   Section        0  ldexp.o(i.__support_ldexp)
    i._feq                                   0x00005910   Section        0  fcmp.o(i._feq)
    i._fgeq                                  0x00005926   Section        0  fcmp.o(i._fgeq)
    i._fgr                                   0x0000593c   Section        0  fcmp.o(i._fgr)
    i._fleq                                  0x00005952   Section        0  fcmp.o(i._fleq)
    i._fls                                   0x0000596c   Section        0  fcmp.o(i._fls)
    i._is_digit                              0x00005982   Section        0  scanf_fp.o(i._is_digit)
    i.frexp                                  0x00005990   Section        0  frexp.o(i.frexp)
    i.ldexp                                  0x000059e8   Section        0  ldexp.o(i.ldexp)
    locale$$code                             0x00005a58   Section       44  lc_numeric_c.o(locale$$code)
    locale$$code                             0x00005a84   Section       44  lc_ctype_c.o(locale$$code)
    x$fpl$deqf                               0x00005ab0   Section      100  deqf.o(x$fpl$deqf)
    x$fpl$drleqf                             0x00005b14   Section      104  drlef.o(x$fpl$drleqf)
    x$fpl$fadd                               0x00005b7c   Section      140  faddsub.o(x$fpl$fadd)
    _fadd1                                   0x00005b89   Thumb Code     0  faddsub.o(x$fpl$fadd)
    x$fpl$feqf                               0x00005c08   Section       84  feqf.o(x$fpl$feqf)
    x$fpl$fgeqf                              0x00005c5c   Section       84  fgef.o(x$fpl$fgeqf)
    x$fpl$fleqf                              0x00005cb0   Section       84  flef.o(x$fpl$fleqf)
    x$fpl$fmul                               0x00005d04   Section      176  fmul.o(x$fpl$fmul)
    x$fpl$fsub                               0x00005db4   Section      208  faddsub.o(x$fpl$fsub)
    _fsub1                                   0x00005dc1   Thumb Code     0  faddsub.o(x$fpl$fsub)
    x$fpl$scanf1                             0x00005e84   Section       16  scanf1.o(x$fpl$scanf1)
    x$fpl$scanf2                             0x00005e94   Section       32  scanf2.o(x$fpl$scanf2)
    ddiv_reciptbl                            0x00005eb4   Data         128  ddiv.o(.constdata)
    .constdata                               0x00005eb4   Section      128  ddiv.o(.constdata)
    x$fpl$usenofp                            0x00005eb4   Section        0  usenofp.o(x$fpl$usenofp)
    fdiv_tab                                 0x00005f34   Data          64  fdiv.o(.constdata)
    .constdata                               0x00005f34   Section       64  fdiv.o(.constdata)
    tenpwrs_x                                0x00005f74   Data          60  bigflt0.o(.constdata)
    .constdata                               0x00005f74   Section      148  bigflt0.o(.constdata)
    tenpwrs_i                                0x00005fb0   Data          64  bigflt0.o(.constdata)
    gBuzzerClockConfig                       0x00006008   Data           3  ti_msp_dl_config.o(.rodata.gBuzzerClockConfig)
    [Anonymous Symbol]                       0x00006008   Section        0  ti_msp_dl_config.o(.rodata.gBuzzerClockConfig)
    gBuzzerConfig                            0x0000600c   Data           8  ti_msp_dl_config.o(.rodata.gBuzzerConfig)
    [Anonymous Symbol]                       0x0000600c   Section        0  ti_msp_dl_config.o(.rodata.gBuzzerConfig)
    gDMA_WITConfig                           0x00006014   Data          24  ti_msp_dl_config.o(.rodata.gDMA_WITConfig)
    [Anonymous Symbol]                       0x00006014   Section        0  ti_msp_dl_config.o(.rodata.gDMA_WITConfig)
    gMotorAClockConfig                       0x0000602c   Data           3  ti_msp_dl_config.o(.rodata.gMotorAClockConfig)
    [Anonymous Symbol]                       0x0000602c   Section        0  ti_msp_dl_config.o(.rodata.gMotorAClockConfig)
    gMotorAConfig                            0x00006030   Data           8  ti_msp_dl_config.o(.rodata.gMotorAConfig)
    [Anonymous Symbol]                       0x00006030   Section        0  ti_msp_dl_config.o(.rodata.gMotorAConfig)
    gMotorBClockConfig                       0x00006038   Data           3  ti_msp_dl_config.o(.rodata.gMotorBClockConfig)
    [Anonymous Symbol]                       0x00006038   Section        0  ti_msp_dl_config.o(.rodata.gMotorBClockConfig)
    gMotorBConfig                            0x0000603c   Data           8  ti_msp_dl_config.o(.rodata.gMotorBConfig)
    [Anonymous Symbol]                       0x0000603c   Section        0  ti_msp_dl_config.o(.rodata.gMotorBConfig)
    gTIMER_0ClockConfig                      0x00006044   Data           3  ti_msp_dl_config.o(.rodata.gTIMER_0ClockConfig)
    [Anonymous Symbol]                       0x00006044   Section        0  ti_msp_dl_config.o(.rodata.gTIMER_0ClockConfig)
    gTIMER_0TimerConfig                      0x00006048   Data          20  ti_msp_dl_config.o(.rodata.gTIMER_0TimerConfig)
    [Anonymous Symbol]                       0x00006048   Section        0  ti_msp_dl_config.o(.rodata.gTIMER_0TimerConfig)
    gTIMER_1ClockConfig                      0x0000605c   Data           3  ti_msp_dl_config.o(.rodata.gTIMER_1ClockConfig)
    [Anonymous Symbol]                       0x0000605c   Section        0  ti_msp_dl_config.o(.rodata.gTIMER_1ClockConfig)
    gTIMER_1TimerConfig                      0x00006060   Data          20  ti_msp_dl_config.o(.rodata.gTIMER_1TimerConfig)
    [Anonymous Symbol]                       0x00006060   Section        0  ti_msp_dl_config.o(.rodata.gTIMER_1TimerConfig)
    gUART_0ClockConfig                       0x00006074   Data           2  ti_msp_dl_config.o(.rodata.gUART_0ClockConfig)
    [Anonymous Symbol]                       0x00006074   Section        0  ti_msp_dl_config.o(.rodata.gUART_0ClockConfig)
    gUART_0Config                            0x00006076   Data          10  ti_msp_dl_config.o(.rodata.gUART_0Config)
    [Anonymous Symbol]                       0x00006076   Section        0  ti_msp_dl_config.o(.rodata.gUART_0Config)
    gUART_WITClockConfig                     0x00006080   Data           2  ti_msp_dl_config.o(.rodata.gUART_WITClockConfig)
    [Anonymous Symbol]                       0x00006080   Section        0  ti_msp_dl_config.o(.rodata.gUART_WITClockConfig)
    gUART_WITConfig                          0x00006082   Data          10  ti_msp_dl_config.o(.rodata.gUART_WITConfig)
    [Anonymous Symbol]                       0x00006082   Section        0  ti_msp_dl_config.o(.rodata.gUART_WITConfig)
    [Anonymous Symbol]                       0x0000608c   Section        0  empty.o(.rodata.str1.1)
    c$$dinf                                  0x000060b0   Section        8  fpconst.o(c$$dinf)
    c$$dmax                                  0x000060b8   Section        8  fpconst.o(c$$dmax)
    locale$$data                             0x000060c0   Section       28  lc_numeric_c.o(locale$$data)
    __lcnum_c_name                           0x000060c4   Data           2  lc_numeric_c.o(locale$$data)
    __lcnum_c_start                          0x000060cc   Data           0  lc_numeric_c.o(locale$$data)
    __lcnum_c_point                          0x000060d8   Data           0  lc_numeric_c.o(locale$$data)
    __lcnum_c_thousands                      0x000060da   Data           0  lc_numeric_c.o(locale$$data)
    __lcnum_c_grouping                       0x000060db   Data           0  lc_numeric_c.o(locale$$data)
    __lcnum_c_end                            0x000060dc   Data           0  lc_numeric_c.o(locale$$data)
    locale$$data                             0x000060dc   Section      272  lc_ctype_c.o(locale$$data)
    __lcctype_c_name                         0x000060e0   Data           2  lc_ctype_c.o(locale$$data)
    __lcctype_c_start                        0x000060e8   Data           0  lc_ctype_c.o(locale$$data)
    __lcctype_c_end                          0x000061ec   Data           0  lc_ctype_c.o(locale$$data)
    .bss                                     0x20200018   Section       96  libspace.o(.bss)
    main.time                                0x20200420   Data           4  empty.o(.bss.main.time)
    [Anonymous Symbol]                       0x20200420   Section        0  empty.o(.bss.main.time)
    uart0_rx_buf                             0x20200474   Data         128  empty.o(.bss.uart0_rx_buf)
    [Anonymous Symbol]                       0x20200474   Section        0  empty.o(.bss.uart0_rx_buf)
    uart0_rx_index                           0x202004f4   Data           1  empty.o(.bss.uart0_rx_index)
    [Anonymous Symbol]                       0x202004f4   Section        0  empty.o(.bss.uart0_rx_index)
    Heap_Mem                                 0x20200500   Data           0  startup_mspm0g350x_uvision.o(HEAP)
    Stack_Mem                                0x20200500   Data       16384  startup_mspm0g350x_uvision.o(STACK)
    HEAP                                     0x20200500   Section        0  startup_mspm0g350x_uvision.o(HEAP)
    STACK                                    0x20200500   Section    16384  startup_mspm0g350x_uvision.o(STACK)
    __initial_sp                             0x20204500   Data           0  startup_mspm0g350x_uvision.o(STACK)

    Global Symbols

    Symbol Name                              Value     Ov Type        Size  Object(Section)

    BuildAttributes$$THM_ISAv3M$S$PE$A:L22$X:L11$S22$IEEE1$IW$~IW$USESV6$~STKCKD$USESV7$~SHL$OTIME$ROPI$IEEEX$EBA8$UX$STANDARDLIB$REQ8$PRES8$EABIv2 0x00000000   Number         0  anon$$obj.o ABSOLUTE
    __Vectors                                0x00000000   Data           4  startup_mspm0g350x_uvision.o(RESET)
    __ARM_exceptions_init                     - Undefined Weak Reference
    __alloca_initialize                       - Undefined Weak Reference
    __arm_preinit_                            - Undefined Weak Reference
    __arm_relocate_pie_                       - Undefined Weak Reference
    __cpp_initialize__aeabi_                  - Undefined Weak Reference
    __cxa_finalize                            - Undefined Weak Reference
    __sigvec_lookup                           - Undefined Weak Reference
    _atexit_init                              - Undefined Weak Reference
    _call_atexit_fns                          - Undefined Weak Reference
    _clock_init                               - Undefined Weak Reference
    _fp_trap_init                             - Undefined Weak Reference
    _fp_trap_shutdown                         - Undefined Weak Reference
    _get_lc_collate                           - Undefined Weak Reference
    _get_lc_monetary                          - Undefined Weak Reference
    _get_lc_time                              - Undefined Weak Reference
    _getenv_init                              - Undefined Weak Reference
    _handle_redirection                       - Undefined Weak Reference
    _init_alloc                               - Undefined Weak Reference
    _init_user_alloc                          - Undefined Weak Reference
    _initio                                   - Undefined Weak Reference
    _rand_init                                - Undefined Weak Reference
    _signal_finish                            - Undefined Weak Reference
    _signal_init                              - Undefined Weak Reference
    _terminate_alloc                          - Undefined Weak Reference
    _terminate_user_alloc                     - Undefined Weak Reference
    _terminateio                              - Undefined Weak Reference
    __Vectors_End                            0x000000c0   Data           0  startup_mspm0g350x_uvision.o(RESET)
    __Vectors_Size                           0x000000c0   Number         0  startup_mspm0g350x_uvision.o ABSOLUTE
    __main                                   0x000000c1   Thumb Code     8  __main.o(!!!main)
    __scatterload                            0x000000c9   Thumb Code     0  __scatter.o(!!!scatter)
    __scatterload_rt2                        0x000000c9   Thumb Code    74  __scatter.o(!!!scatter)
    __scatterload_rt2_thumb_only             0x000000c9   Thumb Code     0  __scatter.o(!!!scatter)
    __scatterload_loop                       0x000000d3   Thumb Code     0  __scatter.o(!!!scatter)
    __scatterload_copy                       0x00000121   Thumb Code    26  __scatter_copy.o(!!handler_copy)
    __scatterload_null                       0x00000141   Thumb Code     2  __scatter.o(!!handler_null)
    __scatterload_zeroinit                   0x00000149   Thumb Code    28  __scatter_zi.o(!!handler_zi)
    __rt_lib_init                            0x00000165   Thumb Code     0  libinit.o(.ARM.Collect$$libinit$$00000000)
    __rt_lib_init_fp_1                       0x00000167   Thumb Code     0  libinit2.o(.ARM.Collect$$libinit$$00000002)
    __rt_lib_init_heap_1                     0x00000167   Thumb Code     0  libinit2.o(.ARM.Collect$$libinit$$0000000C)
    __rt_lib_init_lc_common                  0x00000167   Thumb Code     0  libinit2.o(.ARM.Collect$$libinit$$00000011)
    __rt_lib_init_preinit_1                  0x00000167   Thumb Code     0  libinit2.o(.ARM.Collect$$libinit$$00000006)
    __rt_lib_init_rand_1                     0x00000167   Thumb Code     0  libinit2.o(.ARM.Collect$$libinit$$00000010)
    __rt_lib_init_relocate_pie_1             0x00000167   Thumb Code     0  libinit2.o(.ARM.Collect$$libinit$$00000004)
    __rt_lib_init_user_alloc_1               0x00000167   Thumb Code     0  libinit2.o(.ARM.Collect$$libinit$$0000000E)
    __rt_lib_init_lc_collate_1               0x0000016d   Thumb Code     0  libinit2.o(.ARM.Collect$$libinit$$00000013)
    __rt_lib_init_lc_ctype_2                 0x0000016d   Thumb Code     0  libinit2.o(.ARM.Collect$$libinit$$00000014)
    __rt_lib_init_lc_ctype_1                 0x00000179   Thumb Code     0  libinit2.o(.ARM.Collect$$libinit$$00000015)
    __rt_lib_init_lc_monetary_1              0x00000179   Thumb Code     0  libinit2.o(.ARM.Collect$$libinit$$00000017)
    __rt_lib_init_lc_numeric_2               0x00000179   Thumb Code     0  libinit2.o(.ARM.Collect$$libinit$$00000018)
    __rt_lib_init_alloca_1                   0x00000183   Thumb Code     0  libinit2.o(.ARM.Collect$$libinit$$00000030)
    __rt_lib_init_argv_1                     0x00000183   Thumb Code     0  libinit2.o(.ARM.Collect$$libinit$$0000002E)
    __rt_lib_init_atexit_1                   0x00000183   Thumb Code     0  libinit2.o(.ARM.Collect$$libinit$$0000001D)
    __rt_lib_init_clock_1                    0x00000183   Thumb Code     0  libinit2.o(.ARM.Collect$$libinit$$00000023)
    __rt_lib_init_cpp_1                      0x00000183   Thumb Code     0  libinit2.o(.ARM.Collect$$libinit$$00000034)
    __rt_lib_init_exceptions_1               0x00000183   Thumb Code     0  libinit2.o(.ARM.Collect$$libinit$$00000032)
    __rt_lib_init_fp_trap_1                  0x00000183   Thumb Code     0  libinit2.o(.ARM.Collect$$libinit$$00000021)
    __rt_lib_init_getenv_1                   0x00000183   Thumb Code     0  libinit2.o(.ARM.Collect$$libinit$$00000025)
    __rt_lib_init_lc_numeric_1               0x00000183   Thumb Code     0  libinit2.o(.ARM.Collect$$libinit$$00000019)
    __rt_lib_init_lc_time_1                  0x00000183   Thumb Code     0  libinit2.o(.ARM.Collect$$libinit$$0000001B)
    __rt_lib_init_return                     0x00000183   Thumb Code     0  libinit2.o(.ARM.Collect$$libinit$$00000035)
    __rt_lib_init_signal_1                   0x00000183   Thumb Code     0  libinit2.o(.ARM.Collect$$libinit$$0000001F)
    __rt_lib_init_stdio_1                    0x00000183   Thumb Code     0  libinit2.o(.ARM.Collect$$libinit$$00000027)
    __rt_lib_shutdown                        0x00000185   Thumb Code     0  libshutdown.o(.ARM.Collect$$libshutdown$$00000000)
    __rt_lib_shutdown_cpp_1                  0x00000187   Thumb Code     0  libshutdown2.o(.ARM.Collect$$libshutdown$$00000002)
    __rt_lib_shutdown_fp_trap_1              0x00000187   Thumb Code     0  libshutdown2.o(.ARM.Collect$$libshutdown$$00000007)
    __rt_lib_shutdown_heap_1                 0x00000187   Thumb Code     0  libshutdown2.o(.ARM.Collect$$libshutdown$$0000000F)
    __rt_lib_shutdown_return                 0x00000187   Thumb Code     0  libshutdown2.o(.ARM.Collect$$libshutdown$$00000010)
    __rt_lib_shutdown_signal_1               0x00000187   Thumb Code     0  libshutdown2.o(.ARM.Collect$$libshutdown$$0000000A)
    __rt_lib_shutdown_stdio_1                0x00000187   Thumb Code     0  libshutdown2.o(.ARM.Collect$$libshutdown$$00000004)
    __rt_lib_shutdown_user_alloc_1           0x00000187   Thumb Code     0  libshutdown2.o(.ARM.Collect$$libshutdown$$0000000C)
    __rt_entry                               0x00000189   Thumb Code     0  __rtentry.o(.ARM.Collect$$rtentry$$00000000)
    __rt_entry_presh_1                       0x00000189   Thumb Code     0  __rtentry2.o(.ARM.Collect$$rtentry$$00000002)
    __rt_entry_sh                            0x00000189   Thumb Code     0  __rtentry4.o(.ARM.Collect$$rtentry$$00000004)
    __rt_entry_li                            0x0000018f   Thumb Code     0  __rtentry2.o(.ARM.Collect$$rtentry$$0000000A)
    __rt_entry_postsh_1                      0x0000018f   Thumb Code     0  __rtentry2.o(.ARM.Collect$$rtentry$$00000009)
    __rt_entry_main                          0x00000193   Thumb Code     0  __rtentry2.o(.ARM.Collect$$rtentry$$0000000D)
    __rt_entry_postli_1                      0x00000193   Thumb Code     0  __rtentry2.o(.ARM.Collect$$rtentry$$0000000C)
    __rt_exit                                0x0000019b   Thumb Code     0  rtexit.o(.ARM.Collect$$rtexit$$00000000)
    __rt_exit_ls                             0x0000019d   Thumb Code     0  rtexit2.o(.ARM.Collect$$rtexit$$00000003)
    __rt_exit_prels_1                        0x0000019d   Thumb Code     0  rtexit2.o(.ARM.Collect$$rtexit$$00000002)
    __rt_exit_exit                           0x000001a1   Thumb Code     0  rtexit2.o(.ARM.Collect$$rtexit$$00000004)
    Reset_Handler                            0x000001a9   Thumb Code     4  startup_mspm0g350x_uvision.o(.text)
    NMI_Handler                              0x000001ad   Thumb Code     2  startup_mspm0g350x_uvision.o(.text)
    HardFault_Handler                        0x000001af   Thumb Code     2  startup_mspm0g350x_uvision.o(.text)
    SVC_Handler                              0x000001b1   Thumb Code     2  startup_mspm0g350x_uvision.o(.text)
    PendSV_Handler                           0x000001b3   Thumb Code     2  startup_mspm0g350x_uvision.o(.text)
    ADC0_IRQHandler                          0x000001b7   Thumb Code     0  startup_mspm0g350x_uvision.o(.text)
    ADC1_IRQHandler                          0x000001b7   Thumb Code     0  startup_mspm0g350x_uvision.o(.text)
    AES_IRQHandler                           0x000001b7   Thumb Code     0  startup_mspm0g350x_uvision.o(.text)
    CANFD0_IRQHandler                        0x000001b7   Thumb Code     0  startup_mspm0g350x_uvision.o(.text)
    DAC0_IRQHandler                          0x000001b7   Thumb Code     0  startup_mspm0g350x_uvision.o(.text)
    DMA_IRQHandler                           0x000001b7   Thumb Code     0  startup_mspm0g350x_uvision.o(.text)
    Default_Handler                          0x000001b7   Thumb Code     2  startup_mspm0g350x_uvision.o(.text)
    GROUP0_IRQHandler                        0x000001b7   Thumb Code     0  startup_mspm0g350x_uvision.o(.text)
    I2C0_IRQHandler                          0x000001b7   Thumb Code     0  startup_mspm0g350x_uvision.o(.text)
    I2C1_IRQHandler                          0x000001b7   Thumb Code     0  startup_mspm0g350x_uvision.o(.text)
    RTC_IRQHandler                           0x000001b7   Thumb Code     0  startup_mspm0g350x_uvision.o(.text)
    SPI0_IRQHandler                          0x000001b7   Thumb Code     0  startup_mspm0g350x_uvision.o(.text)
    SPI1_IRQHandler                          0x000001b7   Thumb Code     0  startup_mspm0g350x_uvision.o(.text)
    TIMA0_IRQHandler                         0x000001b7   Thumb Code     0  startup_mspm0g350x_uvision.o(.text)
    TIMG12_IRQHandler                        0x000001b7   Thumb Code     0  startup_mspm0g350x_uvision.o(.text)
    TIMG6_IRQHandler                         0x000001b7   Thumb Code     0  startup_mspm0g350x_uvision.o(.text)
    TIMG7_IRQHandler                         0x000001b7   Thumb Code     0  startup_mspm0g350x_uvision.o(.text)
    TIMG8_IRQHandler                         0x000001b7   Thumb Code     0  startup_mspm0g350x_uvision.o(.text)
    UART2_IRQHandler                         0x000001b7   Thumb Code     0  startup_mspm0g350x_uvision.o(.text)
    UART3_IRQHandler                         0x000001b7   Thumb Code     0  startup_mspm0g350x_uvision.o(.text)
    __user_initial_stackheap                 0x000001b9   Thumb Code    10  startup_mspm0g350x_uvision.o(.text)
    sscanf                                   0x000001d5   Thumb Code    54  sscanf.o(.text)
    _memset_w                                0x00000215   Thumb Code    26  rt_memclr.o(.text)
    _memset                                  0x0000022f   Thumb Code    30  rt_memclr.o(.text)
    __aeabi_memclr                           0x0000024d   Thumb Code     4  rt_memclr.o(.text)
    __rt_memclr                              0x0000024d   Thumb Code     0  rt_memclr.o(.text)
    __aeabi_memclr4                          0x00000251   Thumb Code     0  rt_memclr.o(.text)
    __aeabi_memclr8                          0x00000251   Thumb Code     0  rt_memclr.o(.text)
    __rt_memclr_w                            0x00000251   Thumb Code     4  rt_memclr.o(.text)
    __aeabi_uidivmod                         0x00000255   Thumb Code    28  aeabi_sdivfast.o(.text)
    __aeabi_idivmod                          0x00000271   Thumb Code   472  aeabi_sdivfast.o(.text)
    __use_two_region_memory                  0x0000044d   Thumb Code     2  heapauxi.o(.text)
    __rt_heap_escrow$2region                 0x0000044f   Thumb Code     2  heapauxi.o(.text)
    __rt_heap_expand$2region                 0x00000451   Thumb Code     2  heapauxi.o(.text)
    __aeabi_d2f                              0x00000455   Thumb Code     0  d2f.o(.text)
    __truncdfsf2                             0x00000455   Thumb Code     0  d2f.o(.text)
    _d2f                                     0x00000455   Thumb Code   120  d2f.o(.text)
    __aeabi_ddiv                             0x000004d1   Thumb Code     0  ddiv.o(.text)
    __divdf3                                 0x000004d1   Thumb Code     0  ddiv.o(.text)
    _ddiv                                    0x000004d1   Thumb Code  1072  ddiv.o(.text)
    _drdiv                                   0x00000901   Thumb Code    20  ddiv.o(.text)
    __aeabi_i2d_normalise                    0x00000919   Thumb Code    66  dflti.o(.text)
    __aeabi_i2d                              0x0000095b   Thumb Code    16  dflti.o(.text)
    _dflt                                    0x0000095b   Thumb Code     0  dflti.o(.text)
    __aeabi_ui2d                             0x0000096b   Thumb Code     6  dflti.o(.text)
    _dfltu                                   0x0000096b   Thumb Code     0  dflti.o(.text)
    __aeabi_f2d                              0x00000971   Thumb Code     0  f2d.o(.text)
    __extendsfdf2                            0x00000971   Thumb Code     0  f2d.o(.text)
    _f2d                                     0x00000971   Thumb Code    80  f2d.o(.text)
    __aeabi_fdiv                             0x000009c5   Thumb Code     0  fdiv.o(.text)
    __divsf3                                 0x000009c5   Thumb Code     0  fdiv.o(.text)
    _fdiv                                    0x000009c5   Thumb Code   334  fdiv.o(.text)
    _frdiv                                   0x00000b13   Thumb Code     8  fdiv.o(.text)
    __aeabi_f2iz                             0x00000b25   Thumb Code     0  ffixi.o(.text)
    _ffix                                    0x00000b25   Thumb Code    76  ffixi.o(.text)
    __aeabi_i2f_normalise                    0x00000b71   Thumb Code    72  fflti.o(.text)
    __aeabi_i2f                              0x00000bb9   Thumb Code    16  fflti.o(.text)
    _fflt                                    0x00000bb9   Thumb Code     0  fflti.o(.text)
    __aeabi_ui2f                             0x00000bc9   Thumb Code     6  fflti.o(.text)
    _ffltu                                   0x00000bc9   Thumb Code     0  fflti.o(.text)
    _scanf_longlong                          0x00000bcf   Thumb Code   330  _scanf_longlong.o(.text)
    _scanf_int                               0x00000d19   Thumb Code   330  _scanf_int.o(.text)
    _scanf_string                            0x00000e63   Thumb Code   232  _scanf_str.o(.text)
    __vfscanf_char                           0x00000f59   Thumb Code    28  scanf_char.o(.text)
    _sgetc                                   0x00000f7d   Thumb Code    32  _sgetc.o(.text)
    _sbackspace                              0x00000f9d   Thumb Code    36  _sgetc.o(.text)
    _scanf_mbtowc                            0x00000fc1   Thumb Code   286  _scanf_mbtowc.o(.text)
    _scanf_wctomb                            0x000010df   Thumb Code   230  _scanf_wctomb.o(.text)
    _scanf_wstring                           0x000011c5   Thumb Code   208  _scanf_wstr.o(.text)
    __aeabi_lmul                             0x00001295   Thumb Code    48  llmul.o(.text)
    _ll_mul                                  0x00001295   Thumb Code     0  llmul.o(.text)
    isspace                                  0x000012c5   Thumb Code    18  isspace.o(.text)
    _chval                                   0x000012d7   Thumb Code    30  _chval.o(.text)
    __vfscanf                                0x000012f5   Thumb Code   880  _scanf.o(.text)
    _scanf_really_real                       0x000018cf   Thumb Code   710  scanf_fp.o(.text)
    _scanf_wcharmap                          0x00001b95   Thumb Code    32  _scanf_wcharmap.o(.text)
    _mbrtoc16                                0x00001bb5   Thumb Code    66  _mbrtoc16.o(.text)
    _mbrtowc                                 0x00001bb5   Thumb Code     0  _mbrtoc16.o(.text)
    _c16rtomb                                0x00001bf7   Thumb Code    66  _c16rtomb.o(.text)
    _wcrtomb                                 0x00001bf7   Thumb Code     0  _c16rtomb.o(.text)
    __fpl_dcmp_InfNaN                        0x00001c39   Thumb Code   154  dcmpin.o(.text)
    __fpl_fcmp_InfNaN                        0x00001cd9   Thumb Code    96  fcmpin.o(.text)
    __user_setup_stackheap                   0x00001d3d   Thumb Code    62  sys_stackheap_outer.o(.text)
    __rt_ctype_table                         0x00001d7d   Thumb Code    16  rt_ctype_table.o(.text)
    __rt_locale                              0x00001d8d   Thumb Code     8  rt_locale_intlibspace.o(.text)
    __aeabi_errno_addr                       0x00001d95   Thumb Code     8  rt_errno_addr_intlibspace.o(.text)
    __errno$intlibspace                      0x00001d95   Thumb Code     0  rt_errno_addr_intlibspace.o(.text)
    __rt_errno_addr$intlibspace              0x00001d95   Thumb Code     0  rt_errno_addr_intlibspace.o(.text)
    __aeabi_llsl                             0x00001d9d   Thumb Code    32  llshl.o(.text)
    _ll_shift_l                              0x00001d9d   Thumb Code     0  llshl.o(.text)
    _btod_etento                             0x00001dbd   Thumb Code   210  bigflt0.o(.text)
    _btod_d2e                                0x00001e95   Thumb Code    64  btod.o(.text)
    _btod_emul                               0x000022c9   Thumb Code    28  btod.o(.text)
    _btod_emuld                              0x000022e5   Thumb Code   144  btod.o(.text)
    _btod_ediv                               0x00002375   Thumb Code    26  btod.o(.text)
    _btod_edivd                              0x0000238f   Thumb Code   124  btod.o(.text)
    exit                                     0x00002415   Thumb Code    16  exit.o(.text)
    __fpl_cmpreturn                          0x00002425   Thumb Code    46  cmpret.o(.text)
    __fpl_dcheck_NaN2                        0x00002455   Thumb Code    14  dnan2.o(.text)
    __fpl_fcheck_NaN2                        0x00002469   Thumb Code    10  fnan2.o(.text)
    __user_libspace                          0x00002479   Thumb Code     8  libspace.o(.text)
    __user_perproc_libspace                  0x00002479   Thumb Code     0  libspace.o(.text)
    __user_perthread_libspace                0x00002479   Thumb Code     0  libspace.o(.text)
    __read_errno                             0x00002481   Thumb Code    10  _rserrno.o(.text)
    __set_errno                              0x0000248b   Thumb Code    12  _rserrno.o(.text)
    _scanf_really_hex_real                   0x00002499   Thumb Code   806  scanf_hexfp.o(.text)
    _scanf_really_infnan                     0x000027cd   Thumb Code   300  scanf_infnan.o(.text)
    strcmp                                   0x00002909   Thumb Code   176  strcmpv6m.o(.text)
    __fpl_return_NaN                         0x000029b9   Thumb Code    94  retnan.o(.text)
    _sys_exit                                0x00002a19   Thumb Code     8  sys_exit.o(.text)
    __ARM_scalbn                             0x00002a25   Thumb Code    84  dscalbn.o(.text)
    __I$use$semihosting                      0x00002a85   Thumb Code     0  use_no_semi.o(.text)
    __use_no_semihosting_swi                 0x00002a85   Thumb Code     2  use_no_semi.o(.text)
    __semihosting_library_function           0x00002a87   Thumb Code     0  indicate_semi.o(.text)
    Buzzer_OFF                               0x00002a89   Thumb Code    16  alert.o(.text.Buzzer_OFF)
    Buzzer_ON                                0x00002a9d   Thumb Code    16  alert.o(.text.Buzzer_ON)
    Buzzer_turn                              0x00002ab1   Thumb Code    20  alert.o(.text.Buzzer_turn)
    DL_Common_delayCycles                    0x00002ac9   Thumb Code    10  dl_common.o(.text.DL_Common_delayCycles)
    DL_DMA_initChannel                       0x00002afd   Thumb Code    68  dl_dma.o(.text.DL_DMA_initChannel)
    DL_Timer_initFourCCPWMMode               0x00002e69   Thumb Code   264  dl_timer.o(.text.DL_Timer_initFourCCPWMMode)
    DL_Timer_initTimerMode                   0x00002f71   Thumb Code   236  dl_timer.o(.text.DL_Timer_initTimerMode)
    DL_Timer_setCaptCompUpdateMethod         0x00003089   Thumb Code    28  dl_timer.o(.text.DL_Timer_setCaptCompUpdateMethod)
    DL_Timer_setCaptureCompareOutCtl         0x000030a5   Thumb Code    24  dl_timer.o(.text.DL_Timer_setCaptureCompareOutCtl)
    DL_Timer_setCaptureCompareValue          0x000030bd   Thumb Code    16  dl_timer.o(.text.DL_Timer_setCaptureCompareValue)
    DL_Timer_setClockConfig                  0x000030cd   Thumb Code    24  dl_timer.o(.text.DL_Timer_setClockConfig)
    DL_UART_init                             0x000031d9   Thumb Code    72  dl_uart.o(.text.DL_UART_init)
    DL_UART_setClockConfig                   0x00003299   Thumb Code    18  dl_uart.o(.text.DL_UART_setClockConfig)
    DL_UART_transmitDataBlocking             0x00003311   Thumb Code    20  dl_uart.o(.text.DL_UART_transmitDataBlocking)
    Delay_ms                                 0x00003325   Thumb Code    28  delay.o(.text.Delay_ms)
    GROUP1_IRQHandler                        0x00003345   Thumb Code   144  empty.o(.text.GROUP1_IRQHandler)
    Motor_Init                               0x000033dd   Thumb Code    16  motor.o(.text.Motor_Init)
    SYSCFG_DL_Buzzer_init                    0x000033ed   Thumb Code    92  ti_msp_dl_config.o(.text.SYSCFG_DL_Buzzer_init)
    SYSCFG_DL_DMA_WIT_init                   0x00003455   Thumb Code    16  ti_msp_dl_config.o(.text.SYSCFG_DL_DMA_WIT_init)
    SYSCFG_DL_DMA_init                       0x0000346d   Thumb Code     8  ti_msp_dl_config.o(.text.SYSCFG_DL_DMA_init)
    SYSCFG_DL_GPIO_init                      0x00003475   Thumb Code   528  ti_msp_dl_config.o(.text.SYSCFG_DL_GPIO_init)
    SYSCFG_DL_MotorA_init                    0x000036a5   Thumb Code    88  ti_msp_dl_config.o(.text.SYSCFG_DL_MotorA_init)
    SYSCFG_DL_MotorB_init                    0x00003709   Thumb Code    88  ti_msp_dl_config.o(.text.SYSCFG_DL_MotorB_init)
    SYSCFG_DL_SYSCTL_init                    0x0000376d   Thumb Code    42  ti_msp_dl_config.o(.text.SYSCFG_DL_SYSCTL_init)
    SYSCFG_DL_SYSTICK_init                   0x00003797   Thumb Code    12  ti_msp_dl_config.o(.text.SYSCFG_DL_SYSTICK_init)
    SYSCFG_DL_TIMER_0_init                   0x000037a5   Thumb Code    40  ti_msp_dl_config.o(.text.SYSCFG_DL_TIMER_0_init)
    SYSCFG_DL_TIMER_1_init                   0x000037d5   Thumb Code    40  ti_msp_dl_config.o(.text.SYSCFG_DL_TIMER_1_init)
    SYSCFG_DL_UART_0_init                    0x00003805   Thumb Code    60  ti_msp_dl_config.o(.text.SYSCFG_DL_UART_0_init)
    SYSCFG_DL_UART_WIT_init                  0x00003849   Thumb Code    92  ti_msp_dl_config.o(.text.SYSCFG_DL_UART_WIT_init)
    SYSCFG_DL_init                           0x000038ad   Thumb Code    76  ti_msp_dl_config.o(.text.SYSCFG_DL_init)
    SYSCFG_DL_initPower                      0x00003909   Thumb Code   140  ti_msp_dl_config.o(.text.SYSCFG_DL_initPower)
    Serial_SendByte                          0x000039ad   Thumb Code    24  serial.o(.text.Serial_SendByte)
    SetL_duty                                0x000039c9   Thumb Code   180  motor.o(.text.SetL_duty)
    SetR_duty                                0x00003a81   Thumb Code   192  motor.o(.text.SetR_duty)
    SysTick_Handler                          0x00003ba5   Thumb Code    24  delay.o(.text.SysTick_Handler)
    TIMA1_IRQHandler                         0x00003bc1   Thumb Code   676  empty.o(.text.TIMA1_IRQHandler)
    TIMG0_IRQHandler                         0x00003ef5   Thumb Code   600  empty.o(.text.TIMG0_IRQHandler)
    UART0_IRQHandler                         0x000041d5   Thumb Code    24  empty.o(.text.UART0_IRQHandler)
    UART1_IRQHandler                         0x000041f1   Thumb Code   156  empty.o(.text.UART1_IRQHandler)
    VOFA_SendData                            0x000042a5   Thumb Code   122  serial.o(.text.VOFA_SendData)
    main                                     0x000043fd   Thumb Code  4344  empty.o(.text.main)
    track                                    0x00005551   Thumb Code   600  track.o(.text.track)
    __ARM_common_ll_muluu                    0x000057cd   Thumb Code    48  btod.o(i.__ARM_common_ll_muluu)
    __mathlib_dbl_overflow                   0x000057fd   Thumb Code    16  dunder.o(i.__mathlib_dbl_overflow)
    __mathlib_dbl_underflow                  0x00005811   Thumb Code    14  dunder.o(i.__mathlib_dbl_underflow)
    __mathlib_narrow                         0x00005825   Thumb Code    16  narrow.o(i.__mathlib_narrow)
    __mathlib_tofloat                        0x00005835   Thumb Code   190  narrow.o(i.__mathlib_tofloat)
    __support_ldexp                          0x000058fd   Thumb Code    20  ldexp.o(i.__support_ldexp)
    __aeabi_fcmpeq                           0x00005911   Thumb Code     0  fcmp.o(i._feq)
    _feq                                     0x00005911   Thumb Code    22  fcmp.o(i._feq)
    __aeabi_fcmpge                           0x00005927   Thumb Code     0  fcmp.o(i._fgeq)
    _fgeq                                    0x00005927   Thumb Code    22  fcmp.o(i._fgeq)
    __aeabi_fcmpgt                           0x0000593d   Thumb Code     0  fcmp.o(i._fgr)
    _fgr                                     0x0000593d   Thumb Code    22  fcmp.o(i._fgr)
    __aeabi_fcmple                           0x00005953   Thumb Code     0  fcmp.o(i._fleq)
    _fleq                                    0x00005953   Thumb Code    26  fcmp.o(i._fleq)
    __aeabi_fcmplt                           0x0000596d   Thumb Code     0  fcmp.o(i._fls)
    _fls                                     0x0000596d   Thumb Code    22  fcmp.o(i._fls)
    _is_digit                                0x00005983   Thumb Code    14  scanf_fp.o(i._is_digit)
    frexp                                    0x00005991   Thumb Code    72  frexp.o(i.frexp)
    ldexp                                    0x000059e9   Thumb Code   112  ldexp.o(i.ldexp)
    _get_lc_numeric                          0x00005a59   Thumb Code    44  lc_numeric_c.o(locale$$code)
    _get_lc_ctype                            0x00005a85   Thumb Code    44  lc_ctype_c.o(locale$$code)
    __aeabi_cdcmpeq                          0x00005ab1   Thumb Code     0  deqf.o(x$fpl$deqf)
    _dcmpeq                                  0x00005ab1   Thumb Code    94  deqf.o(x$fpl$deqf)
    __aeabi_cdrcmple                         0x00005b15   Thumb Code     0  drlef.o(x$fpl$drleqf)
    _drcmple                                 0x00005b15   Thumb Code   100  drlef.o(x$fpl$drleqf)
    __aeabi_fadd                             0x00005b7d   Thumb Code     0  faddsub.o(x$fpl$fadd)
    _fadd                                    0x00005b7d   Thumb Code   134  faddsub.o(x$fpl$fadd)
    __aeabi_cfcmpeq                          0x00005c09   Thumb Code     0  feqf.o(x$fpl$feqf)
    _fcmpeq                                  0x00005c09   Thumb Code    78  feqf.o(x$fpl$feqf)
    _fcmpge                                  0x00005c5d   Thumb Code    78  fgef.o(x$fpl$fgeqf)
    __aeabi_cfcmple                          0x00005cb1   Thumb Code     0  flef.o(x$fpl$fleqf)
    _fcmple                                  0x00005cb1   Thumb Code    78  flef.o(x$fpl$fleqf)
    __aeabi_fmul                             0x00005d05   Thumb Code     0  fmul.o(x$fpl$fmul)
    _fmul                                    0x00005d05   Thumb Code   172  fmul.o(x$fpl$fmul)
    __aeabi_fsub                             0x00005db5   Thumb Code     0  faddsub.o(x$fpl$fsub)
    _fsub                                    0x00005db5   Thumb Code   204  faddsub.o(x$fpl$fsub)
    _scanf_real                              0x00005e85   Thumb Code    16  scanf1.o(x$fpl$scanf1)
    _scanf_hex_real                          0x00005e95   Thumb Code    16  scanf2.o(x$fpl$scanf2)
    _scanf_infnan                            0x00005ea5   Thumb Code    16  scanf2.o(x$fpl$scanf2)
    __I$use$fp                               0x00005eb4   Number         0  usenofp.o(x$fpl$usenofp)
    Region$$Table$$Base                      0x00006090   Number         0  anon$$obj.o(Region$$Table)
    Region$$Table$$Limit                     0x000060b0   Number         0  anon$$obj.o(Region$$Table)
    __aeabi_HUGE_VAL                         0x000060b0   Data           0  fpconst.o(c$$dinf)
    __aeabi_HUGE_VALL                        0x000060b0   Data           0  fpconst.o(c$$dinf)
    __aeabi_INFINITY                         0x000060b0   Data           0  fpconst.o(c$$dinf)
    __dInf                                   0x000060b0   Data           0  fpconst.o(c$$dinf)
    __huge_val                               0x000060b0   Data           0  fpconst.o(c$$dinf)
    __dbl_max                                0x000060b8   Data           0  fpconst.o(c$$dmax)
    __ctype                                  0x000060e9   Data           0  lc_ctype_c.o(locale$$data)
    Basic_set_speed                          0x20200000   Data           4  empty.o(.data.Basic_set_speed)
    KP_yaw                                   0x20200004   Data           4  empty.o(.data.KP_yaw)
    last_coord                               0x20200008   Data           4  track.o(.data.last_coord)
    set_track                                0x2020000c   Data           4  empty.o(.data.set_track)
    times_yaw                                0x20200010   Data           4  empty.o(.data.times_yaw)
    __libspace_start                         0x20200018   Data          96  libspace.o(.bss)
    Basic_set_yaw                            0x20200078   Data           4  empty.o(.bss.Basic_set_yaw)
    __temporary_stack_top$libspace           0x20200078   Data           0  libspace.o(.bss)
    Flag_A2                                  0x2020007c   Data           4  empty.o(.bss.Flag_A2)
    Flag_A3                                  0x20200080   Data           4  empty.o(.bss.Flag_A3)
    Flag_A4                                  0x20200084   Data           4  empty.o(.bss.Flag_A4)
    Flag_A5                                  0x20200088   Data           4  empty.o(.bss.Flag_A5)
    Flag_A6                                  0x2020008c   Data           4  empty.o(.bss.Flag_A6)
    Flag_A6set                               0x20200090   Data           4  empty.o(.bss.Flag_A6set)
    Flag_Black                               0x20200094   Data           4  track.o(.bss.Flag_Black)
    Flag_RigjtAngle                          0x20200098   Data           4  track.o(.bss.Flag_RigjtAngle)
    Flag_coord                               0x2020009c   Data           4  track.o(.bss.Flag_coord)
    Flag_mode                                0x202000a0   Data           4  empty.o(.bss.Flag_mode)
    Flag_yawmode                             0x202000a4   Data           4  empty.o(.bss.Flag_yawmode)
    Track                                    0x202000a8   Data           4  empty.o(.bss.Track)
    Yaw_RxFlag                               0x202000ac   Data           1  empty.o(.bss.Yaw_RxFlag)
    Yaw_received                             0x202000b0   Data           4  empty.o(.bss.Yaw_received)
    Yaw_sum                                  0x202000b4   Data           4  empty.o(.bss.Yaw_sum)
    array                                    0x202000b8   Data          80  empty.o(.bss.array)
    coord                                    0x20200108   Data           4  track.o(.bss.coord)
    count                                    0x2020010c   Data           4  empty.o(.bss.count)
    delay_times                              0x20200110   Data           4  delay.o(.bss.delay_times)
    derivative_L                             0x20200114   Data           4  empty.o(.bss.derivative_L)
    derivative_R                             0x20200118   Data           4  empty.o(.bss.derivative_R)
    derivative_Track                         0x2020011c   Data           4  empty.o(.bss.derivative_Track)
    derivative_yaw                           0x20200120   Data           4  empty.o(.bss.derivative_yaw)
    encoder_l_count                          0x20200124   Data           4  empty.o(.bss.encoder_l_count)
    encoder_l_sum                            0x20200128   Data           4  empty.o(.bss.encoder_l_sum)
    encoder_r_count                          0x2020012c   Data           4  empty.o(.bss.encoder_r_count)
    encoder_r_sum                            0x20200130   Data           4  empty.o(.bss.encoder_r_sum)
    error_L                                  0x20200134   Data           4  empty.o(.bss.error_L)
    error_L_last                             0x20200138   Data           4  empty.o(.bss.error_L_last)
    error_R                                  0x2020013c   Data           4  empty.o(.bss.error_R)
    error_R_last                             0x20200140   Data           4  empty.o(.bss.error_R_last)
    error_Track                              0x20200144   Data           4  empty.o(.bss.error_Track)
    error_Track_last                         0x20200148   Data           4  empty.o(.bss.error_Track_last)
    error_yaw                                0x2020014c   Data           4  empty.o(.bss.error_yaw)
    error_yaw_last                           0x20200150   Data           4  empty.o(.bss.error_yaw_last)
    gMotorABackup                            0x20200154   Data         160  ti_msp_dl_config.o(.bss.gMotorABackup)
    gMotorBBackup                            0x202001f4   Data         160  ti_msp_dl_config.o(.bss.gMotorBBackup)
    gTIMER_0Backup                           0x20200294   Data         188  ti_msp_dl_config.o(.bss.gTIMER_0Backup)
    gTIMER_1Backup                           0x20200350   Data         188  ti_msp_dl_config.o(.bss.gTIMER_1Backup)
    integral_L                               0x2020040c   Data           4  empty.o(.bss.integral_L)
    integral_R                               0x20200410   Data           4  empty.o(.bss.integral_R)
    integral_Track                           0x20200414   Data           4  empty.o(.bss.integral_Track)
    integral_yaw                             0x20200418   Data           4  empty.o(.bss.integral_yaw)
    laps                                     0x2020041c   Data           4  empty.o(.bss.laps)
    measure_l_count                          0x20200424   Data           4  empty.o(.bss.measure_l_count)
    measure_r_count                          0x20200428   Data           4  empty.o(.bss.measure_r_count)
    motor_Lmeasure                           0x2020042c   Data           4  empty.o(.bss.motor_Lmeasure)
    motor_Loutput                            0x20200430   Data           4  empty.o(.bss.motor_Loutput)
    motor_Rmeasure                           0x20200434   Data           4  empty.o(.bss.motor_Rmeasure)
    motor_Routput                            0x20200438   Data           4  empty.o(.bss.motor_Routput)
    pin_number                               0x2020043c   Data          28  track.o(.bss.pin_number)
    qty                                      0x20200458   Data           4  track.o(.bss.qty)
    set_speed_L                              0x2020045c   Data           4  empty.o(.bss.set_speed_L)
    set_speed_R                              0x20200460   Data           4  empty.o(.bss.set_speed_R)
    time_A6                                  0x20200464   Data           4  empty.o(.bss.time_A6)
    time_a6                                  0x20200468   Data           4  empty.o(.bss.time_a6)
    time_count                               0x2020046c   Data           4  empty.o(.bss.time_count)
    timer_measure                            0x20200470   Data           4  empty.o(.bss.timer_measure)
    yaw_output                               0x202004f8   Data           4  empty.o(.bss.yaw_output)



==============================================================================

Memory Map of the image

  Image Entry point : 0x000000c1

  Load Region LR_IROM1 (Base: 0x00000000, Size: 0x00006208, Max: 0x00020000, ABSOLUTE)

    Execution Region ER_IROM1 (Exec base: 0x00000000, Load base: 0x00000000, Size: 0x000061ec, Max: 0x00020000, ABSOLUTE)

    Exec Addr    Load Addr    Size         Type   Attr      Idx    E Section Name        Object

    0x00000000   0x00000000   0x000000c0   Data   RO          105    RESET               startup_mspm0g350x_uvision.o
    0x000000c0   0x000000c0   0x00000008   Code   RO          641  * !!!main             c_p.l(__main.o)
    0x000000c8   0x000000c8   0x00000054   Code   RO         1069    !!!scatter          c_p.l(__scatter.o)
    0x0000011c   0x0000011c   0x00000004   PAD
    0x00000120   0x00000120   0x0000001a   Code   RO         1073    !!handler_copy      c_p.l(__scatter_copy.o)
    0x0000013a   0x0000013a   0x00000006   PAD
    0x00000140   0x00000140   0x00000002   Code   RO         1070    !!handler_null      c_p.l(__scatter.o)
    0x00000142   0x00000142   0x00000006   PAD
    0x00000148   0x00000148   0x0000001c   Code   RO         1075    !!handler_zi        c_p.l(__scatter_zi.o)
    0x00000164   0x00000164   0x00000002   Code   RO          841    .ARM.Collect$$libinit$$00000000  c_p.l(libinit.o)
    0x00000166   0x00000166   0x00000000   Code   RO          911    .ARM.Collect$$libinit$$00000002  c_p.l(libinit2.o)
    0x00000166   0x00000166   0x00000000   Code   RO          913    .ARM.Collect$$libinit$$00000004  c_p.l(libinit2.o)
    0x00000166   0x00000166   0x00000000   Code   RO          915    .ARM.Collect$$libinit$$00000006  c_p.l(libinit2.o)
    0x00000166   0x00000166   0x00000000   Code   RO          918    .ARM.Collect$$libinit$$0000000C  c_p.l(libinit2.o)
    0x00000166   0x00000166   0x00000000   Code   RO          920    .ARM.Collect$$libinit$$0000000E  c_p.l(libinit2.o)
    0x00000166   0x00000166   0x00000000   Code   RO          922    .ARM.Collect$$libinit$$00000010  c_p.l(libinit2.o)
    0x00000166   0x00000166   0x00000006   Code   RO          923    .ARM.Collect$$libinit$$00000011  c_p.l(libinit2.o)
    0x0000016c   0x0000016c   0x00000000   Code   RO          925    .ARM.Collect$$libinit$$00000013  c_p.l(libinit2.o)
    0x0000016c   0x0000016c   0x0000000c   Code   RO          926    .ARM.Collect$$libinit$$00000014  c_p.l(libinit2.o)
    0x00000178   0x00000178   0x00000000   Code   RO          927    .ARM.Collect$$libinit$$00000015  c_p.l(libinit2.o)
    0x00000178   0x00000178   0x00000000   Code   RO          929    .ARM.Collect$$libinit$$00000017  c_p.l(libinit2.o)
    0x00000178   0x00000178   0x0000000a   Code   RO          930    .ARM.Collect$$libinit$$00000018  c_p.l(libinit2.o)
    0x00000182   0x00000182   0x00000000   Code   RO          931    .ARM.Collect$$libinit$$00000019  c_p.l(libinit2.o)
    0x00000182   0x00000182   0x00000000   Code   RO          933    .ARM.Collect$$libinit$$0000001B  c_p.l(libinit2.o)
    0x00000182   0x00000182   0x00000000   Code   RO          935    .ARM.Collect$$libinit$$0000001D  c_p.l(libinit2.o)
    0x00000182   0x00000182   0x00000000   Code   RO          937    .ARM.Collect$$libinit$$0000001F  c_p.l(libinit2.o)
    0x00000182   0x00000182   0x00000000   Code   RO          939    .ARM.Collect$$libinit$$00000021  c_p.l(libinit2.o)
    0x00000182   0x00000182   0x00000000   Code   RO          941    .ARM.Collect$$libinit$$00000023  c_p.l(libinit2.o)
    0x00000182   0x00000182   0x00000000   Code   RO          943    .ARM.Collect$$libinit$$00000025  c_p.l(libinit2.o)
    0x00000182   0x00000182   0x00000000   Code   RO          945    .ARM.Collect$$libinit$$00000027  c_p.l(libinit2.o)
    0x00000182   0x00000182   0x00000000   Code   RO          949    .ARM.Collect$$libinit$$0000002E  c_p.l(libinit2.o)
    0x00000182   0x00000182   0x00000000   Code   RO          951    .ARM.Collect$$libinit$$00000030  c_p.l(libinit2.o)
    0x00000182   0x00000182   0x00000000   Code   RO          953    .ARM.Collect$$libinit$$00000032  c_p.l(libinit2.o)
    0x00000182   0x00000182   0x00000000   Code   RO          955    .ARM.Collect$$libinit$$00000034  c_p.l(libinit2.o)
    0x00000182   0x00000182   0x00000002   Code   RO          956    .ARM.Collect$$libinit$$00000035  c_p.l(libinit2.o)
    0x00000184   0x00000184   0x00000002   Code   RO         1010    .ARM.Collect$$libshutdown$$00000000  c_p.l(libshutdown.o)
    0x00000186   0x00000186   0x00000000   Code   RO         1052    .ARM.Collect$$libshutdown$$00000002  c_p.l(libshutdown2.o)
    0x00000186   0x00000186   0x00000000   Code   RO         1054    .ARM.Collect$$libshutdown$$00000004  c_p.l(libshutdown2.o)
    0x00000186   0x00000186   0x00000000   Code   RO         1057    .ARM.Collect$$libshutdown$$00000007  c_p.l(libshutdown2.o)
    0x00000186   0x00000186   0x00000000   Code   RO         1060    .ARM.Collect$$libshutdown$$0000000A  c_p.l(libshutdown2.o)
    0x00000186   0x00000186   0x00000000   Code   RO         1062    .ARM.Collect$$libshutdown$$0000000C  c_p.l(libshutdown2.o)
    0x00000186   0x00000186   0x00000000   Code   RO         1065    .ARM.Collect$$libshutdown$$0000000F  c_p.l(libshutdown2.o)
    0x00000186   0x00000186   0x00000002   Code   RO         1066    .ARM.Collect$$libshutdown$$00000010  c_p.l(libshutdown2.o)
    0x00000188   0x00000188   0x00000000   Code   RO          719    .ARM.Collect$$rtentry$$00000000  c_p.l(__rtentry.o)
    0x00000188   0x00000188   0x00000000   Code   RO          756    .ARM.Collect$$rtentry$$00000002  c_p.l(__rtentry2.o)
    0x00000188   0x00000188   0x00000006   Code   RO          768    .ARM.Collect$$rtentry$$00000004  c_p.l(__rtentry4.o)
    0x0000018e   0x0000018e   0x00000000   Code   RO          758    .ARM.Collect$$rtentry$$00000009  c_p.l(__rtentry2.o)
    0x0000018e   0x0000018e   0x00000004   Code   RO          759    .ARM.Collect$$rtentry$$0000000A  c_p.l(__rtentry2.o)
    0x00000192   0x00000192   0x00000000   Code   RO          761    .ARM.Collect$$rtentry$$0000000C  c_p.l(__rtentry2.o)
    0x00000192   0x00000192   0x00000008   Code   RO          762    .ARM.Collect$$rtentry$$0000000D  c_p.l(__rtentry2.o)
    0x0000019a   0x0000019a   0x00000002   Code   RO          870    .ARM.Collect$$rtexit$$00000000  c_p.l(rtexit.o)
    0x0000019c   0x0000019c   0x00000000   Code   RO          970    .ARM.Collect$$rtexit$$00000002  c_p.l(rtexit2.o)
    0x0000019c   0x0000019c   0x00000004   Code   RO          971    .ARM.Collect$$rtexit$$00000003  c_p.l(rtexit2.o)
    0x000001a0   0x000001a0   0x00000006   Code   RO          972    .ARM.Collect$$rtexit$$00000004  c_p.l(rtexit2.o)
    0x000001a6   0x000001a6   0x00000002   PAD
    0x000001a8   0x000001a8   0x0000002c   Code   RO          106    .text               startup_mspm0g350x_uvision.o
    0x000001d4   0x000001d4   0x00000040   Code   RO          627    .text               c_p.l(sscanf.o)
    0x00000214   0x00000214   0x00000040   Code   RO          629    .text               c_p.l(rt_memclr.o)
    0x00000254   0x00000254   0x000001f8   Code   RO          631    .text               c_p.l(aeabi_sdivfast.o)
    0x0000044c   0x0000044c   0x00000006   Code   RO          639    .text               c_p.l(heapauxi.o)
    0x00000452   0x00000452   0x00000002   PAD
    0x00000454   0x00000454   0x0000007c   Code   RO          643    .text               fz_ps.l(d2f.o)
    0x000004d0   0x000004d0   0x00000448   Code   RO          671    .text               fz_ps.l(ddiv.o)
    0x00000918   0x00000918   0x00000058   Code   RO          674    .text               fz_ps.l(dflti.o)
    0x00000970   0x00000970   0x00000054   Code   RO          678    .text               fz_ps.l(f2d.o)
    0x000009c4   0x000009c4   0x00000160   Code   RO          710    .text               fz_ps.l(fdiv.o)
    0x00000b24   0x00000b24   0x0000004c   Code   RO          713    .text               fz_ps.l(ffixi.o)
    0x00000b70   0x00000b70   0x0000005e   Code   RO          715    .text               fz_ps.l(fflti.o)
    0x00000bce   0x00000bce   0x0000014a   Code   RO          724    .text               c_p.l(_scanf_longlong.o)
    0x00000d18   0x00000d18   0x0000014a   Code   RO          726    .text               c_p.l(_scanf_int.o)
    0x00000e62   0x00000e62   0x000000e8   Code   RO          728    .text               c_p.l(_scanf_str.o)
    0x00000f4a   0x00000f4a   0x00000002   PAD
    0x00000f4c   0x00000f4c   0x00000030   Code   RO          730    .text               c_p.l(scanf_char.o)
    0x00000f7c   0x00000f7c   0x00000044   Code   RO          732    .text               c_p.l(_sgetc.o)
    0x00000fc0   0x00000fc0   0x0000011e   Code   RO          734    .text               c_p.l(_scanf_mbtowc.o)
    0x000010de   0x000010de   0x000000e6   Code   RO          736    .text               c_p.l(_scanf_wctomb.o)
    0x000011c4   0x000011c4   0x000000d0   Code   RO          738    .text               c_p.l(_scanf_wstr.o)
    0x00001294   0x00001294   0x00000030   Code   RO          772    .text               c_p.l(llmul.o)
    0x000012c4   0x000012c4   0x00000012   Code   RO          774    .text               c_p.l(isspace.o)
    0x000012d6   0x000012d6   0x0000001e   Code   RO          776    .text               c_p.l(_chval.o)
    0x000012f4   0x000012f4   0x00000380   Code   RO          778    .text               c_p.l(_scanf.o)
    0x00001674   0x00001674   0x00000520   Code   RO          780    .text               c_p.l(scanf_fp.o)
    0x00001b94   0x00001b94   0x00000020   Code   RO          786    .text               c_p.l(_scanf_wcharmap.o)
    0x00001bb4   0x00001bb4   0x00000042   Code   RO          788    .text               c_p.l(_mbrtoc16.o)
    0x00001bf6   0x00001bf6   0x00000042   Code   RO          790    .text               c_p.l(_c16rtomb.o)
    0x00001c38   0x00001c38   0x000000a0   Code   RO          792    .text               fz_ps.l(dcmpin.o)
    0x00001cd8   0x00001cd8   0x00000064   Code   RO          794    .text               fz_ps.l(fcmpin.o)
    0x00001d3c   0x00001d3c   0x0000003e   Code   RO          796    .text               c_p.l(sys_stackheap_outer.o)
    0x00001d7a   0x00001d7a   0x00000002   PAD
    0x00001d7c   0x00001d7c   0x00000010   Code   RO          799    .text               c_p.l(rt_ctype_table.o)
    0x00001d8c   0x00001d8c   0x00000008   Code   RO          804    .text               c_p.l(rt_locale_intlibspace.o)
    0x00001d94   0x00001d94   0x00000008   Code   RO          809    .text               c_p.l(rt_errno_addr_intlibspace.o)
    0x00001d9c   0x00001d9c   0x00000020   Code   RO          811    .text               c_p.l(llshl.o)
    0x00001dbc   0x00001dbc   0x000000d8   Code   RO          815    .text               c_p.l(bigflt0.o)
    0x00001e94   0x00001e94   0x00000580   Code   RO          818    .text               c_p.l(btod.o)
    0x00002414   0x00002414   0x00000010   Code   RO          828    .text               c_p.l(exit.o)
    0x00002424   0x00002424   0x0000002e   Code   RO          842    .text               fz_ps.l(cmpret.o)
    0x00002452   0x00002452   0x00000002   PAD
    0x00002454   0x00002454   0x00000014   Code   RO          844    .text               fz_ps.l(dnan2.o)
    0x00002468   0x00002468   0x00000010   Code   RO          846    .text               fz_ps.l(fnan2.o)
    0x00002478   0x00002478   0x00000008   Code   RO          866    .text               c_p.l(libspace.o)
    0x00002480   0x00002480   0x00000016   Code   RO          874    .text               c_p.l(_rserrno.o)
    0x00002496   0x00002496   0x00000002   PAD
    0x00002498   0x00002498   0x00000334   Code   RO          895    .text               c_p.l(scanf_hexfp.o)
    0x000027cc   0x000027cc   0x0000013c   Code   RO          897    .text               c_p.l(scanf_infnan.o)
    0x00002908   0x00002908   0x000000b0   Code   RO          908    .text               c_p.l(strcmpv6m.o)
    0x000029b8   0x000029b8   0x0000005e   Code   RO          959    .text               fz_ps.l(retnan.o)
    0x00002a16   0x00002a16   0x00000002   PAD
    0x00002a18   0x00002a18   0x0000000c   Code   RO          965    .text               c_p.l(sys_exit.o)
    0x00002a24   0x00002a24   0x00000060   Code   RO          985    .text               fz_ps.l(dscalbn.o)
    0x00002a84   0x00002a84   0x00000002   Code   RO          999    .text               c_p.l(use_no_semi.o)
    0x00002a86   0x00002a86   0x00000000   Code   RO         1001    .text               c_p.l(indicate_semi.o)
    0x00002a86   0x00002a86   0x00000002   PAD
    0x00002a88   0x00002a88   0x00000014   Code   RO          347    .text.Buzzer_OFF    alert.o
    0x00002a9c   0x00002a9c   0x00000014   Code   RO          349    .text.Buzzer_ON     alert.o
    0x00002ab0   0x00002ab0   0x00000018   Code   RO          351    .text.Buzzer_turn   alert.o
    0x00002ac8   0x00002ac8   0x0000000a   Code   RO          466    .text.DL_Common_delayCycles  driverlib.a(dl_common.o)
    0x00002ad2   0x00002ad2   0x00000028   Code   RO          219    .text.DL_Common_updateReg  ti_msp_dl_config.o
    0x00002afa   0x00002afa   0x00000002   PAD
    0x00002afc   0x00002afc   0x00000044   Code   RO          475    .text.DL_DMA_initChannel  driverlib.a(dl_dma.o)
    0x00002b40   0x00002b40   0x00000018   Code   RO           26    .text.DL_GPIO_clearInterruptStatus  empty.o
    0x00002b58   0x00002b58   0x00000018   Code   RO          173    .text.DL_GPIO_clearInterruptStatus  ti_msp_dl_config.o
    0x00002b70   0x00002b70   0x00000014   Code   RO          167    .text.DL_GPIO_clearPins  ti_msp_dl_config.o
    0x00002b84   0x00002b84   0x00000014   Code   RO          318    .text.DL_GPIO_clearPins  motor.o
    0x00002b98   0x00002b98   0x00000018   Code   RO          175    .text.DL_GPIO_enableInterrupt  ti_msp_dl_config.o
    0x00002bb0   0x00002bb0   0x00000018   Code   RO          157    .text.DL_GPIO_enableOutput  ti_msp_dl_config.o
    0x00002bc8   0x00002bc8   0x00000014   Code   RO          149    .text.DL_GPIO_enablePower  ti_msp_dl_config.o
    0x00002bdc   0x00002bdc   0x00000018   Code   RO           24    .text.DL_GPIO_getEnabledInterruptStatus  empty.o
    0x00002bf4   0x00002bf4   0x00000030   Code   RO          165    .text.DL_GPIO_initDigitalInputFeatures  ti_msp_dl_config.o
    0x00002c24   0x00002c24   0x00000014   Code   RO          163    .text.DL_GPIO_initDigitalOutput  ti_msp_dl_config.o
    0x00002c38   0x00002c38   0x0000002c   Code   RO          161    .text.DL_GPIO_initDigitalOutputFeatures  ti_msp_dl_config.o
    0x00002c64   0x00002c64   0x0000001c   Code   RO          159    .text.DL_GPIO_initPeripheralInputFunction  ti_msp_dl_config.o
    0x00002c80   0x00002c80   0x0000001c   Code   RO          155    .text.DL_GPIO_initPeripheralOutputFunction  ti_msp_dl_config.o
    0x00002c9c   0x00002c9c   0x00000016   Code   RO           10    .text.DL_GPIO_readPins  empty.o
    0x00002cb2   0x00002cb2   0x00000016   Code   RO          419    .text.DL_GPIO_readPins  track.o
    0x00002cc8   0x00002cc8   0x00000010   Code   RO          143    .text.DL_GPIO_reset  ti_msp_dl_config.o
    0x00002cd8   0x00002cd8   0x0000001c   Code   RO          171    .text.DL_GPIO_setLowerPinsPolarity  ti_msp_dl_config.o
    0x00002cf4   0x00002cf4   0x00000014   Code   RO          169    .text.DL_GPIO_setPins  ti_msp_dl_config.o
    0x00002d08   0x00002d08   0x00000018   Code   RO          316    .text.DL_GPIO_setPins  motor.o
    0x00002d20   0x00002d20   0x00000018   Code   RO          177    .text.DL_GPIO_setUpperPinsPolarity  ti_msp_dl_config.o
    0x00002d38   0x00002d38   0x00000018   Code   RO           12    .text.DL_GPIO_togglePins  empty.o
    0x00002d50   0x00002d50   0x0000001c   Code   RO           22    .text.DL_Interrupt_getPendingGroup  empty.o
    0x00002d6c   0x00002d6c   0x0000000c   Code   RO          183    .text.DL_SYSCTL_disableHFXT  ti_msp_dl_config.o
    0x00002d78   0x00002d78   0x00000014   Code   RO          185    .text.DL_SYSCTL_disableSYSPLL  ti_msp_dl_config.o
    0x00002d8c   0x00002d8c   0x00000018   Code   RO          179    .text.DL_SYSCTL_setBORThreshold  ti_msp_dl_config.o
    0x00002da4   0x00002da4   0x00000018   Code   RO          189    .text.DL_SYSCTL_setMCLKDivider  ti_msp_dl_config.o
    0x00002dbc   0x00002dbc   0x0000001c   Code   RO          181    .text.DL_SYSCTL_setSYSOSCFreq  ti_msp_dl_config.o
    0x00002dd8   0x00002dd8   0x0000001c   Code   RO          187    .text.DL_SYSCTL_setULPCLKDivider  ti_msp_dl_config.o
    0x00002df4   0x00002df4   0x00000018   Code   RO           18    .text.DL_Timer_clearInterruptStatus  empty.o
    0x00002e0c   0x00002e0c   0x00000014   Code   RO          193    .text.DL_Timer_enableClock  ti_msp_dl_config.o
    0x00002e20   0x00002e20   0x0000001c   Code   RO          197    .text.DL_Timer_enableInterrupt  ti_msp_dl_config.o
    0x00002e3c   0x00002e3c   0x00000018   Code   RO          151    .text.DL_Timer_enablePower  ti_msp_dl_config.o
    0x00002e54   0x00002e54   0x00000012   Code   RO           16    .text.DL_Timer_getPendingInterrupt  empty.o
    0x00002e66   0x00002e66   0x00000002   PAD
    0x00002e68   0x00002e68   0x00000108   Code   RO          565    .text.DL_Timer_initFourCCPWMMode  driverlib.a(dl_timer.o)
    0x00002f70   0x00002f70   0x000000ec   Code   RO          489    .text.DL_Timer_initTimerMode  driverlib.a(dl_timer.o)
    0x0000305c   0x0000305c   0x00000018   Code   RO          145    .text.DL_Timer_reset  ti_msp_dl_config.o
    0x00003074   0x00003074   0x00000014   Code   RO          195    .text.DL_Timer_setCCPDirection  ti_msp_dl_config.o
    0x00003088   0x00003088   0x0000001c   Code   RO          531    .text.DL_Timer_setCaptCompUpdateMethod  driverlib.a(dl_timer.o)
    0x000030a4   0x000030a4   0x00000018   Code   RO          539    .text.DL_Timer_setCaptureCompareOutCtl  driverlib.a(dl_timer.o)
    0x000030bc   0x000030bc   0x00000010   Code   RO          491    .text.DL_Timer_setCaptureCompareValue  driverlib.a(dl_timer.o)
    0x000030cc   0x000030cc   0x00000018   Code   RO          485    .text.DL_Timer_setClockConfig  driverlib.a(dl_timer.o)
    0x000030e4   0x000030e4   0x00000038   Code   RO          191    .text.DL_Timer_setCounterControl  ti_msp_dl_config.o
    0x0000311c   0x0000311c   0x00000014   Code   RO            4    .text.DL_Timer_startCounter  empty.o
    0x00003130   0x00003130   0x00000018   Code   RO          312    .text.DL_Timer_startCounter  motor.o
    0x00003148   0x00003148   0x00000016   Code   RO          205    .text.DL_UART_enable  ti_msp_dl_config.o
    0x0000315e   0x0000315e   0x00000002   PAD
    0x00003160   0x00003160   0x00000018   Code   RO          207    .text.DL_UART_enableDMAReceiveEvent  ti_msp_dl_config.o
    0x00003178   0x00003178   0x00000018   Code   RO          209    .text.DL_UART_enableFIFOs  ti_msp_dl_config.o
    0x00003190   0x00003190   0x0000001c   Code   RO          203    .text.DL_UART_enableInterrupt  ti_msp_dl_config.o
    0x000031ac   0x000031ac   0x00000018   Code   RO          153    .text.DL_UART_enablePower  ti_msp_dl_config.o
    0x000031c4   0x000031c4   0x00000012   Code   RO           32    .text.DL_UART_getPendingInterrupt  empty.o
    0x000031d6   0x000031d6   0x00000002   PAD
    0x000031d8   0x000031d8   0x00000048   Code   RO          586    .text.DL_UART_init  driverlib.a(dl_uart.o)
    0x00003220   0x00003220   0x00000014   Code   RO           34    .text.DL_UART_receiveData  empty.o
    0x00003234   0x00003234   0x00000018   Code   RO          147    .text.DL_UART_reset  ti_msp_dl_config.o
    0x0000324c   0x0000324c   0x0000004c   Code   RO          201    .text.DL_UART_setBaudRateDivisor  ti_msp_dl_config.o
    0x00003298   0x00003298   0x00000012   Code   RO          588    .text.DL_UART_setClockConfig  driverlib.a(dl_uart.o)
    0x000032aa   0x000032aa   0x0000001e   Code   RO          199    .text.DL_UART_setOversampling  ti_msp_dl_config.o
    0x000032c8   0x000032c8   0x00000024   Code   RO          211    .text.DL_UART_setRXFIFOThreshold  ti_msp_dl_config.o
    0x000032ec   0x000032ec   0x00000024   Code   RO          213    .text.DL_UART_setRXInterruptTimeout  ti_msp_dl_config.o
    0x00003310   0x00003310   0x00000014   Code   RO          600    .text.DL_UART_transmitDataBlocking  driverlib.a(dl_uart.o)
    0x00003324   0x00003324   0x00000020   Code   RO          249    .text.Delay_ms      delay.o
    0x00003344   0x00003344   0x00000098   Code   RO           20    .text.GROUP1_IRQHandler  empty.o
    0x000033dc   0x000033dc   0x00000010   Code   RO          310    .text.Motor_Init    motor.o
    0x000033ec   0x000033ec   0x00000068   Code   RO          125    .text.SYSCFG_DL_Buzzer_init  ti_msp_dl_config.o
    0x00003454   0x00003454   0x00000018   Code   RO          215    .text.SYSCFG_DL_DMA_WIT_init  ti_msp_dl_config.o
    0x0000346c   0x0000346c   0x00000008   Code   RO          135    .text.SYSCFG_DL_DMA_init  ti_msp_dl_config.o
    0x00003474   0x00003474   0x00000230   Code   RO          117    .text.SYSCFG_DL_GPIO_init  ti_msp_dl_config.o
    0x000036a4   0x000036a4   0x00000064   Code   RO          123    .text.SYSCFG_DL_MotorA_init  ti_msp_dl_config.o
    0x00003708   0x00003708   0x00000064   Code   RO          121    .text.SYSCFG_DL_MotorB_init  ti_msp_dl_config.o
    0x0000376c   0x0000376c   0x0000002a   Code   RO          119    .text.SYSCFG_DL_SYSCTL_init  ti_msp_dl_config.o
    0x00003796   0x00003796   0x0000000c   Code   RO          137    .text.SYSCFG_DL_SYSTICK_init  ti_msp_dl_config.o
    0x000037a2   0x000037a2   0x00000002   PAD
    0x000037a4   0x000037a4   0x00000030   Code   RO          127    .text.SYSCFG_DL_TIMER_0_init  ti_msp_dl_config.o
    0x000037d4   0x000037d4   0x00000030   Code   RO          129    .text.SYSCFG_DL_TIMER_1_init  ti_msp_dl_config.o
    0x00003804   0x00003804   0x00000044   Code   RO          131    .text.SYSCFG_DL_UART_0_init  ti_msp_dl_config.o
    0x00003848   0x00003848   0x00000064   Code   RO          133    .text.SYSCFG_DL_UART_WIT_init  ti_msp_dl_config.o
    0x000038ac   0x000038ac   0x0000005c   Code   RO          113    .text.SYSCFG_DL_init  ti_msp_dl_config.o
    0x00003908   0x00003908   0x000000a4   Code   RO          115    .text.SYSCFG_DL_initPower  ti_msp_dl_config.o
    0x000039ac   0x000039ac   0x0000001c   Code   RO          444    .text.Serial_SendByte  serial.o
    0x000039c8   0x000039c8   0x000000b8   Code   RO          320    .text.SetL_duty     motor.o
    0x00003a80   0x00003a80   0x000000d4   Code   RO          314    .text.SetR_duty     motor.o
    0x00003b54   0x00003b54   0x00000050   Code   RO          217    .text.SysTick_Config  ti_msp_dl_config.o
    0x00003ba4   0x00003ba4   0x0000001c   Code   RO          251    .text.SysTick_Handler  delay.o
    0x00003bc0   0x00003bc0   0x00000334   Code   RO           14    .text.TIMA1_IRQHandler  empty.o
    0x00003ef4   0x00003ef4   0x000002e0   Code   RO           28    .text.TIMG0_IRQHandler  empty.o
    0x000041d4   0x000041d4   0x0000001c   Code   RO           36    .text.UART0_IRQHandler  empty.o
    0x000041f0   0x000041f0   0x000000b4   Code   RO           30    .text.UART1_IRQHandler  empty.o
    0x000042a4   0x000042a4   0x0000007a   Code   RO          446    .text.VOFA_SendData  serial.o
    0x0000431e   0x0000431e   0x00000002   PAD
    0x00004320   0x00004320   0x0000002c   Code   RO            6    .text.__NVIC_ClearPendingIRQ  empty.o
    0x0000434c   0x0000434c   0x0000002c   Code   RO            8    .text.__NVIC_EnableIRQ  empty.o
    0x00004378   0x00004378   0x00000084   Code   RO          221    .text.__NVIC_SetPriority  ti_msp_dl_config.o
    0x000043fc   0x000043fc   0x00001154   Code   RO            2    .text.main          empty.o
    0x00005550   0x00005550   0x0000027c   Code   RO          417    .text.track         track.o
    0x000057cc   0x000057cc   0x00000030   Code   RO          820    i.__ARM_common_ll_muluu  c_p.l(btod.o)
    0x000057fc   0x000057fc   0x00000014   Code   RO         1015    i.__mathlib_dbl_overflow  m_ps.l(dunder.o)
    0x00005810   0x00005810   0x00000014   Code   RO         1017    i.__mathlib_dbl_underflow  m_ps.l(dunder.o)
    0x00005824   0x00005824   0x00000010   Code   RO          860    i.__mathlib_narrow  m_ps.l(narrow.o)
    0x00005834   0x00005834   0x000000c8   Code   RO          861    i.__mathlib_tofloat  m_ps.l(narrow.o)
    0x000058fc   0x000058fc   0x00000014   Code   RO          990    i.__support_ldexp   m_ps.l(ldexp.o)
    0x00005910   0x00005910   0x00000016   Code   RO          692    i._feq              fz_ps.l(fcmp.o)
    0x00005926   0x00005926   0x00000016   Code   RO          693    i._fgeq             fz_ps.l(fcmp.o)
    0x0000593c   0x0000593c   0x00000016   Code   RO          694    i._fgr              fz_ps.l(fcmp.o)
    0x00005952   0x00005952   0x0000001a   Code   RO          695    i._fleq             fz_ps.l(fcmp.o)
    0x0000596c   0x0000596c   0x00000016   Code   RO          696    i._fls              fz_ps.l(fcmp.o)
    0x00005982   0x00005982   0x0000000e   Code   RO          782    i._is_digit         c_p.l(scanf_fp.o)
    0x00005990   0x00005990   0x00000058   Code   RO          962    i.frexp             m_ps.l(frexp.o)
    0x000059e8   0x000059e8   0x00000070   Code   RO          991    i.ldexp             m_ps.l(ldexp.o)
    0x00005a58   0x00005a58   0x0000002c   Code   RO          826    locale$$code        c_p.l(lc_numeric_c.o)
    0x00005a84   0x00005a84   0x0000002c   Code   RO          902    locale$$code        c_p.l(lc_ctype_c.o)
    0x00005ab0   0x00005ab0   0x00000064   Code   RO          740    x$fpl$deqf          fz_ps.l(deqf.o)
    0x00005b14   0x00005b14   0x00000068   Code   RO          957    x$fpl$drleqf        fz_ps.l(drlef.o)
    0x00005b7c   0x00005b7c   0x0000008c   Code   RO          680    x$fpl$fadd          fz_ps.l(faddsub.o)
    0x00005c08   0x00005c08   0x00000054   Code   RO          746    x$fpl$feqf          fz_ps.l(feqf.o)
    0x00005c5c   0x00005c5c   0x00000054   Code   RO          748    x$fpl$fgeqf         fz_ps.l(fgef.o)
    0x00005cb0   0x00005cb0   0x00000054   Code   RO          750    x$fpl$fleqf         fz_ps.l(flef.o)
    0x00005d04   0x00005d04   0x000000b0   Code   RO          717    x$fpl$fmul          fz_ps.l(fmul.o)
    0x00005db4   0x00005db4   0x000000d0   Code   RO          682    x$fpl$fsub          fz_ps.l(faddsub.o)
    0x00005e84   0x00005e84   0x00000010   Code   RO          752    x$fpl$scanf1        fz_ps.l(scanf1.o)
    0x00005e94   0x00005e94   0x00000020   Code   RO          854    x$fpl$scanf2        fz_ps.l(scanf2.o)
    0x00005eb4   0x00005eb4   0x00000000   Code   RO          754    x$fpl$usenofp       fz_ps.l(usenofp.o)
    0x00005eb4   0x00005eb4   0x00000080   Data   RO          672    .constdata          fz_ps.l(ddiv.o)
    0x00005f34   0x00005f34   0x00000040   Data   RO          711    .constdata          fz_ps.l(fdiv.o)
    0x00005f74   0x00005f74   0x00000094   Data   RO          816    .constdata          c_p.l(bigflt0.o)
    0x00006008   0x00006008   0x00000003   Data   RO          231    .rodata.gBuzzerClockConfig  ti_msp_dl_config.o
    0x0000600b   0x0000600b   0x00000001   PAD
    0x0000600c   0x0000600c   0x00000008   Data   RO          232    .rodata.gBuzzerConfig  ti_msp_dl_config.o
    0x00006014   0x00006014   0x00000018   Data   RO          241    .rodata.gDMA_WITConfig  ti_msp_dl_config.o
    0x0000602c   0x0000602c   0x00000003   Data   RO          229    .rodata.gMotorAClockConfig  ti_msp_dl_config.o
    0x0000602f   0x0000602f   0x00000001   PAD
    0x00006030   0x00006030   0x00000008   Data   RO          230    .rodata.gMotorAConfig  ti_msp_dl_config.o
    0x00006038   0x00006038   0x00000003   Data   RO          227    .rodata.gMotorBClockConfig  ti_msp_dl_config.o
    0x0000603b   0x0000603b   0x00000001   PAD
    0x0000603c   0x0000603c   0x00000008   Data   RO          228    .rodata.gMotorBConfig  ti_msp_dl_config.o
    0x00006044   0x00006044   0x00000003   Data   RO          233    .rodata.gTIMER_0ClockConfig  ti_msp_dl_config.o
    0x00006047   0x00006047   0x00000001   PAD
    0x00006048   0x00006048   0x00000014   Data   RO          234    .rodata.gTIMER_0TimerConfig  ti_msp_dl_config.o
    0x0000605c   0x0000605c   0x00000003   Data   RO          235    .rodata.gTIMER_1ClockConfig  ti_msp_dl_config.o
    0x0000605f   0x0000605f   0x00000001   PAD
    0x00006060   0x00006060   0x00000014   Data   RO          236    .rodata.gTIMER_1TimerConfig  ti_msp_dl_config.o
    0x00006074   0x00006074   0x00000002   Data   RO          237    .rodata.gUART_0ClockConfig  ti_msp_dl_config.o
    0x00006076   0x00006076   0x0000000a   Data   RO          238    .rodata.gUART_0Config  ti_msp_dl_config.o
    0x00006080   0x00006080   0x00000002   Data   RO          239    .rodata.gUART_WITClockConfig  ti_msp_dl_config.o
    0x00006082   0x00006082   0x0000000a   Data   RO          240    .rodata.gUART_WITConfig  ti_msp_dl_config.o
    0x0000608c   0x0000608c   0x00000003   Data   RO           95    .rodata.str1.1      empty.o
    0x0000608f   0x0000608f   0x00000001   PAD
    0x00006090   0x00006090   0x00000020   Data   RO         1068    Region$$Table       anon$$obj.o
    0x000060b0   0x000060b0   0x00000008   Data   RO          848    c$$dinf             fz_ps.l(fpconst.o)
    0x000060b8   0x000060b8   0x00000008   Data   RO          851    c$$dmax             fz_ps.l(fpconst.o)
    0x000060c0   0x000060c0   0x0000001c   Data   RO          825    locale$$data        c_p.l(lc_numeric_c.o)
    0x000060dc   0x000060dc   0x00000110   Data   RO          901    locale$$data        c_p.l(lc_ctype_c.o)


    Execution Region RW_IRAM2 (Exec base: 0x20200000, Load base: 0x000061f0, Size: 0x00004500, Max: 0x00008000, ABSOLUTE)

    Exec Addr    Load Addr    Size         Type   Attr      Idx    E Section Name        Object

    0x20200000   0x000061f0   0x00000004   Data   RW           52    .data.Basic_set_speed  empty.o
    0x20200004   0x000061f4   0x00000004   Data   RW           73    .data.KP_yaw        empty.o
    0x20200008   0x000061f8   0x00000004   Data   RW          425    .data.last_coord    track.o
    0x2020000c   0x000061fc   0x00000004   Data   RW           55    .data.set_track     empty.o
    0x20200010   0x00006200   0x00000004   Data   RW           81    .data.times_yaw     empty.o
    0x20200014   0x00006204   0x00000004   PAD
    0x20200018        -       0x00000060   Zero   RW          867    .bss                c_p.l(libspace.o)
    0x20200078        -       0x00000004   Zero   RW           41    .bss.Basic_set_yaw  empty.o
    0x2020007c        -       0x00000004   Zero   RW           77    .bss.Flag_A2        empty.o
    0x20200080        -       0x00000004   Zero   RW           78    .bss.Flag_A3        empty.o
    0x20200084        -       0x00000004   Zero   RW           79    .bss.Flag_A4        empty.o
    0x20200088        -       0x00000004   Zero   RW           82    .bss.Flag_A5        empty.o
    0x2020008c        -       0x00000004   Zero   RW           84    .bss.Flag_A6        empty.o
    0x20200090        -       0x00000004   Zero   RW           83    .bss.Flag_A6set     empty.o
    0x20200094        -       0x00000004   Zero   RW          422    .bss.Flag_Black     track.o
    0x20200098        -       0x00000004   Zero   RW          423    .bss.Flag_RigjtAngle  track.o
    0x2020009c        -       0x00000004   Zero   RW          421    .bss.Flag_coord     track.o
    0x202000a0        -       0x00000004   Zero   RW           75    .bss.Flag_mode      empty.o
    0x202000a4        -       0x00000004   Zero   RW           76    .bss.Flag_yawmode   empty.o
    0x202000a8        -       0x00000004   Zero   RW           50    .bss.Track          empty.o
    0x202000ac        -       0x00000001   Zero   RW           39    .bss.Yaw_RxFlag     empty.o
    0x202000ad   0x00006204   0x00000003   PAD
    0x202000b0        -       0x00000004   Zero   RW           38    .bss.Yaw_received   empty.o
    0x202000b4        -       0x00000004   Zero   RW           40    .bss.Yaw_sum        empty.o
    0x202000b8        -       0x00000050   Zero   RW           90    .bss.array          empty.o
    0x20200108        -       0x00000004   Zero   RW          428    .bss.coord          track.o
    0x2020010c        -       0x00000004   Zero   RW           74    .bss.count          empty.o
    0x20200110        -       0x00000004   Zero   RW          253    .bss.delay_times    delay.o
    0x20200114        -       0x00000004   Zero   RW           60    .bss.derivative_L   empty.o
    0x20200118        -       0x00000004   Zero   RW           64    .bss.derivative_R   empty.o
    0x2020011c        -       0x00000004   Zero   RW           68    .bss.derivative_Track  empty.o
    0x20200120        -       0x00000004   Zero   RW           72    .bss.derivative_yaw  empty.o
    0x20200124        -       0x00000004   Zero   RW           43    .bss.encoder_l_count  empty.o
    0x20200128        -       0x00000004   Zero   RW           45    .bss.encoder_l_sum  empty.o
    0x2020012c        -       0x00000004   Zero   RW           42    .bss.encoder_r_count  empty.o
    0x20200130        -       0x00000004   Zero   RW           44    .bss.encoder_r_sum  empty.o
    0x20200134        -       0x00000004   Zero   RW           57    .bss.error_L        empty.o
    0x20200138        -       0x00000004   Zero   RW           58    .bss.error_L_last   empty.o
    0x2020013c        -       0x00000004   Zero   RW           61    .bss.error_R        empty.o
    0x20200140        -       0x00000004   Zero   RW           62    .bss.error_R_last   empty.o
    0x20200144        -       0x00000004   Zero   RW           65    .bss.error_Track    empty.o
    0x20200148        -       0x00000004   Zero   RW           66    .bss.error_Track_last  empty.o
    0x2020014c        -       0x00000004   Zero   RW           69    .bss.error_yaw      empty.o
    0x20200150        -       0x00000004   Zero   RW           70    .bss.error_yaw_last  empty.o
    0x20200154        -       0x000000a0   Zero   RW          224    .bss.gMotorABackup  ti_msp_dl_config.o
    0x202001f4        -       0x000000a0   Zero   RW          223    .bss.gMotorBBackup  ti_msp_dl_config.o
    0x20200294        -       0x000000bc   Zero   RW          225    .bss.gTIMER_0Backup  ti_msp_dl_config.o
    0x20200350        -       0x000000bc   Zero   RW          226    .bss.gTIMER_1Backup  ti_msp_dl_config.o
    0x2020040c        -       0x00000004   Zero   RW           59    .bss.integral_L     empty.o
    0x20200410        -       0x00000004   Zero   RW           63    .bss.integral_R     empty.o
    0x20200414        -       0x00000004   Zero   RW           67    .bss.integral_Track  empty.o
    0x20200418        -       0x00000004   Zero   RW           71    .bss.integral_yaw   empty.o
    0x2020041c        -       0x00000004   Zero   RW           86    .bss.laps           empty.o
    0x20200420        -       0x00000004   Zero   RW           89    .bss.main.time      empty.o
    0x20200424        -       0x00000004   Zero   RW           47    .bss.measure_l_count  empty.o
    0x20200428        -       0x00000004   Zero   RW           46    .bss.measure_r_count  empty.o
    0x2020042c        -       0x00000004   Zero   RW           91    .bss.motor_Lmeasure  empty.o
    0x20200430        -       0x00000004   Zero   RW           48    .bss.motor_Loutput  empty.o
    0x20200434        -       0x00000004   Zero   RW           92    .bss.motor_Rmeasure  empty.o
    0x20200438        -       0x00000004   Zero   RW           49    .bss.motor_Routput  empty.o
    0x2020043c        -       0x0000001c   Zero   RW          427    .bss.pin_number     track.o
    0x20200458        -       0x00000004   Zero   RW          426    .bss.qty            track.o
    0x2020045c        -       0x00000004   Zero   RW           53    .bss.set_speed_L    empty.o
    0x20200460        -       0x00000004   Zero   RW           54    .bss.set_speed_R    empty.o
    0x20200464        -       0x00000004   Zero   RW           88    .bss.time_A6        empty.o
    0x20200468        -       0x00000004   Zero   RW           87    .bss.time_a6        empty.o
    0x2020046c        -       0x00000004   Zero   RW           80    .bss.time_count     empty.o
    0x20200470        -       0x00000004   Zero   RW           85    .bss.timer_measure  empty.o
    0x20200474        -       0x00000080   Zero   RW           94    .bss.uart0_rx_buf   empty.o
    0x202004f4        -       0x00000001   Zero   RW           93    .bss.uart0_rx_index  empty.o
    0x202004f5   0x00006204   0x00000003   PAD
    0x202004f8        -       0x00000004   Zero   RW           51    .bss.yaw_output     empty.o
    0x202004fc   0x00006204   0x00000004   PAD
    0x20200500        -       0x00000000   Zero   RW          104    HEAP                startup_mspm0g350x_uvision.o
    0x20200500        -       0x00004000   Zero   RW          103    STACK               startup_mspm0g350x_uvision.o



  Load Region LR_BCR (Base: 0x41c00000, Size: 0x00000000, Max: 0x00000100, ABSOLUTE)

    Execution Region BCR_CONFIG (Exec base: 0x41c00000, Load base: 0x41c00000, Size: 0x00000000, Max: 0x000000ff, ABSOLUTE)

    **** No section assigned to this execution region ****



  Load Region LR_BSL (Base: 0x41c00100, Size: 0x00000000, Max: 0x00000100, ABSOLUTE)

    Execution Region BSL_CONFIG (Exec base: 0x41c00100, Load base: 0x41c00100, Size: 0x00000000, Max: 0x00000080, ABSOLUTE)

    **** No section assigned to this execution region ****


==============================================================================

Image component sizes


      Code (inc. data)   RO Data    RW Data    ZI Data      Debug   Object Name

        64         12          0          0          0       6335   alert.o
        60          8          0          0          4        693   delay.o
      6662        748          3         16        402      17189   empty.o
       480         32          0          0          0       6413   motor.o
       150          4          0          0          0       3446   serial.o
        44         18        192          0      16384        668   startup_mspm0g350x_uvision.o
      2722        268        127          0        696      30414   ti_msp_dl_config.o
       658         36          0          4         48       4088   track.o

    ----------------------------------------------------------------------
     10852       1126        360         20      17548      69246   Object Totals
         0          0         32          0          0          0   (incl. Generated)
        12          0          6          0         14          0   (incl. Padding)

    ----------------------------------------------------------------------

      Code (inc. data)   RO Data    RW Data    ZI Data      Debug   Library Member Name

         8          0          0          0          0         68   __main.o
         0          0          0          0          0          0   __rtentry.o
        12          0          0          0          0          0   __rtentry2.o
         6          0          0          0          0          0   __rtentry4.o
        86         10          0          0          0          0   __scatter.o
        26          0          0          0          0          0   __scatter_copy.o
        28          0          0          0          0          0   __scatter_zi.o
        66          0          0          0          0         76   _c16rtomb.o
        30          0          0          0          0         60   _chval.o
        66          0          0          0          0         76   _mbrtoc16.o
        22          0          0          0          0         92   _rserrno.o
       896         16          0          0          0         84   _scanf.o
       330          0          0          0          0         84   _scanf_int.o
       330          0          0          0          0         84   _scanf_longlong.o
       286          0          0          0          0         84   _scanf_mbtowc.o
       232          0          0          0          0         84   _scanf_str.o
        32          0          0          0          0         68   _scanf_wcharmap.o
       230          0          0          0          0         84   _scanf_wctomb.o
       208          0          0          0          0         84   _scanf_wstr.o
        68          0          0          0          0         76   _sgetc.o
       504          4          0          0          0         92   aeabi_sdivfast.o
       216          6        148          0          0         80   bigflt0.o
      1456         30          0          0          0        336   btod.o
        16          0          0          0          0         68   exit.o
         6          0          0          0          0        136   heapauxi.o
         0          0          0          0          0          0   indicate_semi.o
        18          0          0          0          0         68   isspace.o
        44         10        272          0          0         76   lc_ctype_c.o
        44         10         28          0          0         76   lc_numeric_c.o
         2          0          0          0          0          0   libinit.o
        30          0          0          0          0          0   libinit2.o
         2          0          0          0          0          0   libshutdown.o
         2          0          0          0          0          0   libshutdown2.o
         8          4          0          0         96         68   libspace.o
        48          0          0          0          0         72   llmul.o
        32          0          0          0          0         68   llshl.o
        16          4          0          0          0         76   rt_ctype_table.o
         8          4          0          0          0         68   rt_errno_addr_intlibspace.o
         8          4          0          0          0         68   rt_locale_intlibspace.o
        64          0          0          0          0        108   rt_memclr.o
         2          0          0          0          0          0   rtexit.o
        10          0          0          0          0          0   rtexit2.o
        48          8          0          0          0         84   scanf_char.o
      1326         26          0          0          0        184   scanf_fp.o
       820         14          0          0          0         84   scanf_hexfp.o
       316         16          0          0          0         84   scanf_infnan.o
        64         10          0          0          0         84   sscanf.o
       176          4          0          0          0         80   strcmpv6m.o
        12          4          0          0          0         60   sys_exit.o
        62          0          0          0          0         80   sys_stackheap_outer.o
         2          0          0          0          0         68   use_no_semi.o
        10          0          0          0          0        803   dl_common.o
        68          4          0          0          0       4510   dl_dma.o
       592        184          0          0          0      41557   dl_timer.o
       110         12          0          0          0      14163   dl_uart.o
        46          0          0          0          0         60   cmpret.o
       124          4          0          0          0         72   d2f.o
       160          6          0          0          0         76   dcmpin.o
      1096         26        128          0          0        112   ddiv.o
       100          4          0          0          0         92   deqf.o
        88          0          0          0          0         92   dflti.o
        20          6          0          0          0         68   dnan2.o
       104          4          0          0          0        104   drlef.o
        96         12          0          0          0         72   dscalbn.o
        84          4          0          0          0         60   f2d.o
       348          8          0          0          0        160   faddsub.o
       114          0          0          0          0        340   fcmp.o
       100          4          0          0          0         68   fcmpin.o
       352         10         64          0          0         92   fdiv.o
        84          4          0          0          0         76   feqf.o
        76          0          0          0          0         68   ffixi.o
        94          0          0          0          0         92   fflti.o
        84          4          0          0          0         76   fgef.o
        84          4          0          0          0         76   flef.o
       176          4          0          0          0         80   fmul.o
        16          6          0          0          0         68   fnan2.o
         0          0         16          0          0          0   fpconst.o
        94          0          0          0          0         68   retnan.o
        16          4          0          0          0         76   scanf1.o
        32          8          0          0          0        100   scanf2.o
         0          0          0          0          0          0   usenofp.o
        40         10          0          0          0        136   dunder.o
        88         16          0          0          0         72   frexp.o
       132          0          0          0          0        140   ldexp.o
       216         10          0          0          0        144   narrow.o

    ----------------------------------------------------------------------
     13200        546        656          0         96      67145   Library Totals
        32          4          0          0          0          0   (incl. Padding)

    ----------------------------------------------------------------------

      Code (inc. data)   RO Data    RW Data    ZI Data      Debug   Library Name

      8324        184        448          0         96       3372   c_p.l
       780        200          0          0          0      61033   driverlib.a
      3588        122        208          0          0       2248   fz_ps.l
       476         36          0          0          0        492   m_ps.l

    ----------------------------------------------------------------------
     13200        546        656          0         96      67145   Library Totals

    ----------------------------------------------------------------------

==============================================================================


      Code (inc. data)   RO Data    RW Data    ZI Data      Debug   

     24052       1672       1016         20      17644     132995   Grand Totals
     24052       1672       1016         20      17644     132995   ELF Image Totals
     24052       1672       1016         20          0          0   ROM Totals

==============================================================================

    Total RO  Size (Code + RO Data)                25068 (  24.48kB)
    Total RW  Size (RW Data + ZI Data)             17664 (  17.25kB)
    Total ROM Size (Code + RO Data + RW Data)      25088 (  24.50kB)

==============================================================================

